<html>
<body>
<pre>
<h1>µVision Build Log</h1>
<h2>Tool Versions:</h2>
IDE-Version: µVision V5.29.0.0
Copyright (C) 2019 ARM Ltd and ARM Germany GmbH. All rights reserved.
License Information: tan nguyen, as, LIC=RC9VE-5V8VH-QC8J5-G3BQC-GN90B-QWAEF
 
Tool Versions:
Toolchain:       MDK-ARM Plus  Version: 5.29.0.0
Toolchain Path:  C:\Keil_v5\ARM\ARMCC\Bin
C Compiler:      Armcc.exe V5.06 update 6 (build 750)
Assembler:       Armasm.exe V5.06 update 6 (build 750)
Linker/Locator:  ArmLink.exe V5.06 update 6 (build 750)
Library Manager: ArmAr.exe V5.06 update 6 (build 750)
Hex Converter:   FromElf.exe V5.06 update 6 (build 750)
CPU DLL:         SARMCM3.DLL V5.29.0.0
Dialog DLL:      DCM.DLL V1.17.3.0
Target DLL:      STLink\ST-LINKIII-KEIL_SWO.dll V3.0.7.0
Dialog DLL:      TCM.DLL V1.36.5.0
 
<h2>Project:</h2>
C:\Users\Tan\Desktop\DoAn\MainControllerV3.0\project.uvprojx
Project File Date:  08/06/2020

<h2>Output:</h2>
*** Using Compiler 'V5.06 update 6 (build 750)', folder: 'C:\Keil_v5\ARM\ARMCC\Bin'
Build target 'project'
compiling system_stm32f10x.c...
compiling main.c...
src\main.c(81): warning:  #167-D: argument of type "char (*)[100]" is incompatible with parameter of type "char *"
  			resetData(&DataWater);
src\main.c(82): warning:  #167-D: argument of type "char (*)[100]" is incompatible with parameter of type "char *"
  			resetData(&DataPumpA);
src\main.c(83): warning:  #167-D: argument of type "char (*)[100]" is incompatible with parameter of type "char *"
  			resetData(&DataPumpB);
src\main.c(90): warning:  #170-D: pointer points outside of underlying object
  			crc1_receive=*(H_DataCLI+18);
src\main.c(104): warning:  #167-D: argument of type "char (*)[30]" is incompatible with parameter of type "char *"
  			resetData(&DataCLI);
src\main.c(126): warning:  #167-D: argument of type "char (*)[30]" is incompatible with parameter of type "char *"
  			resetData(&DataMix);
src\main.c: 6 warnings, 0 errors
compiling stm32f10x_it.c...
src\stm32f10x_it.c(65): warning:  #167-D: argument of type "uint8_t *" is incompatible with parameter of type "char *__restrict__"
  			sprintf(Pumped, "%s,%4.1f,%4.1f,%4.1f", result1, B_LIn, B_Lp1, B_Lp2);
src\stm32f10x_it.c(66): warning:  #167-D: argument of type "uint8_t *" is incompatible with parameter of type "char *"
  			RS485_PutString(USART3, Pumped,52);
src\stm32f10x_it.c: 2 warnings, 0 errors
compiling stm32f10x_usart.c...
compiling stm32f10x_gpio.c...
compiling stm32f10x_tim.c...
compiling stm32f10x_exti.c...
compiling misc.c...
compiling stm32f10x_adc.c...
compiling Delay.c...
compiling stm32f10x_rcc.c...
compiling Display.c...
compiling Pump.c...
compiling Uart.c...
compiling Max485.c...
compiling TimerSetup.c...
compiling Utility.c...
compiling Ys201.c...
compiling SwitchControl.c...
linking...
Program Size: Code=18284 RO-data=732 RW-data=232 ZI-data=2248  
FromELF: creating hex file...
".\Objects\project.axf" - 0 Error(s), 8 Warning(s).

<h2>Software Packages used:</h2>

Package Vendor: Keil
                http://www.keil.com/pack/Keil.STM32F1xx_DFP.1.0.5.pack
                Keil.STM32F1xx_DFP.1.0.5
                STMicroelectronics STM32F1 Series Device Support, Drivers and Examples

<h2>Collection of Component include folders:</h2>
  .\RTE\_project
  C:\Users\Tan\AppData\Local\Arm\Packs\Keil\STM32F1xx_DFP\1.0.5\Device\Include

<h2>Collection of Component Files used:</h2>
Build Time Elapsed:  00:00:07
</pre>
</body>
</html>
