Component: ARM Compiler 5.06 update 6 (build 750) Tool: armlink [4d35ed]

==============================================================================

Section Cross References

    main.o(i.main) refers to _printf_percent.o(.ARM.Collect$$_printf_percent$$00000000) for _printf_percent
    main.o(i.main) refers to _printf_s.o(.ARM.Collect$$_printf_percent$$00000014) for _printf_s
    main.o(i.main) refers to _printf_str.o(.text) for _printf_str
    main.o(i.main) refers to utility.o(i.System_Init) for System_Init
    main.o(i.main) refers to atof.o(i.atof) for atof
    main.o(i.main) refers to drleqf.o(x$fpl$drleqf) for __aeabi_cdrcmple
    main.o(i.main) refers to main.o(i.NVIC_EnableIRQ) for NVIC_EnableIRQ
    main.o(i.main) refers to pump.o(i.PumpControl) for PumpControl
    main.o(i.main) refers to display.o(i.DisplayControl) for DisplayControl
    main.o(i.main) refers to dleqf.o(x$fpl$dleqf) for __aeabi_cdcmple
    main.o(i.main) refers to utility.o(i.resetData) for resetData
    main.o(i.main) refers to strcpy.o(.text) for strcpy
    main.o(i.main) refers to strncpy.o(.text) for strncpy
    main.o(i.main) refers to noretval__2sprintf.o(.text) for __2sprintf
    main.o(i.main) refers to ys201.o(i.TestYs201) for TestYs201
    main.o(i.main) refers to stm32f10x_it.o(.data) for flagHandA
    main.o(i.main) refers to main.o(.data) for flagHand
    main.o(i.main) refers to stm32f10x_it.o(.bss) for DataWater
    main.o(i.main) refers to main.o(.bss) for H_DataCLI
    stm32f10x_it.o(i.EXTI15_10_IRQHandler) refers to stm32f10x_exti.o(i.EXTI_GetFlagStatus) for EXTI_GetFlagStatus
    stm32f10x_it.o(i.EXTI15_10_IRQHandler) refers to stm32f10x_exti.o(i.EXTI_ClearFlag) for EXTI_ClearFlag
    stm32f10x_it.o(i.EXTI15_10_IRQHandler) refers to delay.o(i.delay) for delay
    stm32f10x_it.o(i.EXTI15_10_IRQHandler) refers to stm32f10x_gpio.o(i.GPIO_ReadInputDataBit) for GPIO_ReadInputDataBit
    stm32f10x_it.o(i.EXTI15_10_IRQHandler) refers to display.o(i.DisplayControl) for DisplayControl
    stm32f10x_it.o(i.EXTI15_10_IRQHandler) refers to pump.o(i.PumpControl) for PumpControl
    stm32f10x_it.o(i.EXTI15_10_IRQHandler) refers to stm32f10x_it.o(.data) for flagCount
    stm32f10x_it.o(i.EXTI3_IRQHandler) refers to stm32f10x_exti.o(i.EXTI_GetFlagStatus) for EXTI_GetFlagStatus
    stm32f10x_it.o(i.EXTI3_IRQHandler) refers to delay.o(i.delay) for delay
    stm32f10x_it.o(i.EXTI3_IRQHandler) refers to stm32f10x_gpio.o(i.GPIO_ReadInputDataBit) for GPIO_ReadInputDataBit
    stm32f10x_it.o(i.EXTI3_IRQHandler) refers to display.o(i.DisplayControl) for DisplayControl
    stm32f10x_it.o(i.EXTI3_IRQHandler) refers to pump.o(i.PumpControl) for PumpControl
    stm32f10x_it.o(i.EXTI3_IRQHandler) refers to stm32f10x_exti.o(i.EXTI_ClearFlag) for EXTI_ClearFlag
    stm32f10x_it.o(i.EXTI3_IRQHandler) refers to stm32f10x_it.o(.data) for sw2
    stm32f10x_it.o(i.EXTI4_IRQHandler) refers to stm32f10x_exti.o(i.EXTI_GetFlagStatus) for EXTI_GetFlagStatus
    stm32f10x_it.o(i.EXTI4_IRQHandler) refers to delay.o(i.delay) for delay
    stm32f10x_it.o(i.EXTI4_IRQHandler) refers to stm32f10x_gpio.o(i.GPIO_ReadInputDataBit) for GPIO_ReadInputDataBit
    stm32f10x_it.o(i.EXTI4_IRQHandler) refers to display.o(i.DisplayControl) for DisplayControl
    stm32f10x_it.o(i.EXTI4_IRQHandler) refers to pump.o(i.PumpControl) for PumpControl
    stm32f10x_it.o(i.EXTI4_IRQHandler) refers to stm32f10x_exti.o(i.EXTI_ClearFlag) for EXTI_ClearFlag
    stm32f10x_it.o(i.EXTI4_IRQHandler) refers to stm32f10x_it.o(.data) for sw1
    stm32f10x_it.o(i.EXTI9_5_IRQHandler) refers to stm32f10x_exti.o(i.EXTI_GetFlagStatus) for EXTI_GetFlagStatus
    stm32f10x_it.o(i.EXTI9_5_IRQHandler) refers to delay.o(i.delay) for delay
    stm32f10x_it.o(i.EXTI9_5_IRQHandler) refers to stm32f10x_gpio.o(i.GPIO_ReadInputDataBit) for GPIO_ReadInputDataBit
    stm32f10x_it.o(i.EXTI9_5_IRQHandler) refers to display.o(i.DisplayControl) for DisplayControl
    stm32f10x_it.o(i.EXTI9_5_IRQHandler) refers to pump.o(i.PumpControl) for PumpControl
    stm32f10x_it.o(i.EXTI9_5_IRQHandler) refers to stm32f10x_exti.o(i.EXTI_ClearFlag) for EXTI_ClearFlag
    stm32f10x_it.o(i.EXTI9_5_IRQHandler) refers to stm32f10x_it.o(.data) for sw0
    stm32f10x_it.o(i.TIM2_IRQHandler) refers to stm32f10x_tim.o(i.TIM_GetITStatus) for TIM_GetITStatus
    stm32f10x_it.o(i.TIM2_IRQHandler) refers to dflt_clz.o(x$fpl$dfltu) for __aeabi_ui2d
    stm32f10x_it.o(i.TIM2_IRQHandler) refers to ddiv.o(x$fpl$ddiv) for __aeabi_ddiv
    stm32f10x_it.o(i.TIM2_IRQHandler) refers to daddsub_clz.o(x$fpl$dadd) for __aeabi_dadd
    stm32f10x_it.o(i.TIM2_IRQHandler) refers to drleqf.o(x$fpl$drleqf) for __aeabi_cdrcmple
    stm32f10x_it.o(i.TIM2_IRQHandler) refers to pump.o(i.PumpControl) for PumpControl
    stm32f10x_it.o(i.TIM2_IRQHandler) refers to display.o(i.DisplayControl) for DisplayControl
    stm32f10x_it.o(i.TIM2_IRQHandler) refers to stm32f10x_tim.o(i.TIM_ClearFlag) for TIM_ClearFlag
[...]
    CL$$btod_d2e_norm_op1                    0x080017ac   Section       96  btod.o(CL$$btod_d2e_norm_op1)
    CL$$btod_div_common                      0x0800180c   Section      824  btod.o(CL$$btod_div_common)
    CL$$btod_e2d                             0x08001b44   Section      132  btod.o(CL$$btod_e2d)
    CL$$btod_e2e                             0x08001bc8   Section      220  btod.o(CL$$btod_e2e)
    CL$$btod_ediv                            0x08001ca4   Section       42  btod.o(CL$$btod_ediv)
    CL$$btod_edivd                           0x08001cce   Section       42  btod.o(CL$$btod_edivd)
    CL$$btod_emul                            0x08001cf8   Section       42  btod.o(CL$$btod_emul)
    CL$$btod_emuld                           0x08001d22   Section       42  btod.o(CL$$btod_emuld)
    CL$$btod_mult_common                     0x08001d4c   Section      580  btod.o(CL$$btod_mult_common)
    i.Delay1Ms                               0x08001f90   Section        0  delay.o(i.Delay1Ms)
    i.DelayInit                              0x08001fb0   Section        0  delay.o(i.DelayInit)
    i.DisplayControl                         0x08001fe4   Section        0  display.o(i.DisplayControl)
    i.DisplayInit                            0x08002060   Section        0  display.o(i.DisplayInit)
    i.EXTI13_YS201                           0x080020ac   Section        0  ys201.o(i.EXTI13_YS201)
    i.EXTI15_10_IRQHandler                   0x08002120   Section        0  stm32f10x_it.o(i.EXTI15_10_IRQHandler)
    i.EXTI15_Mix                             0x080021e8   Section        0  switchcontrol.o(i.EXTI15_Mix)
    i.EXTI3_IRQHandler                       0x0800225c   Section        0  stm32f10x_it.o(i.EXTI3_IRQHandler)
    i.EXTI3_Water                            0x08002348   Section        0  switchcontrol.o(i.EXTI3_Water)
    i.EXTI4_IRQHandler                       0x080023c4   Section        0  stm32f10x_it.o(i.EXTI4_IRQHandler)
    i.EXTI4_NuB                              0x08002478   Section        0  switchcontrol.o(i.EXTI4_NuB)
    i.EXTI5_NuA                              0x080024e4   Section        0  switchcontrol.o(i.EXTI5_NuA)
    i.EXTI9_5_IRQHandler                     0x08002550   Section        0  stm32f10x_it.o(i.EXTI9_5_IRQHandler)
    i.EXTI_ClearFlag                         0x08002600   Section        0  stm32f10x_exti.o(i.EXTI_ClearFlag)
    i.EXTI_ClearITPendingBit                 0x0800260c   Section        0  stm32f10x_exti.o(i.EXTI_ClearITPendingBit)
    i.EXTI_Config_TIM2                       0x08002618   Section        0  timersetup.o(i.EXTI_Config_TIM2)
    i.EXTI_Config_TIM3                       0x08002674   Section        0  timersetup.o(i.EXTI_Config_TIM3)
    i.EXTI_Config_TIM4                       0x080026d4   Section        0  timersetup.o(i.EXTI_Config_TIM4)
    i.EXTI_GetFlagStatus                     0x08002734   Section        0  stm32f10x_exti.o(i.EXTI_GetFlagStatus)
    i.EXTI_Init                              0x0800274c   Section        0  stm32f10x_exti.o(i.EXTI_Init)
    i.GPIO_EXTILineConfig                    0x080027e0   Section        0  stm32f10x_gpio.o(i.GPIO_EXTILineConfig)
    i.GPIO_Init                              0x08002820   Section        0  stm32f10x_gpio.o(i.GPIO_Init)
    i.GPIO_PinRemapConfig                    0x08002938   Section        0  stm32f10x_gpio.o(i.GPIO_PinRemapConfig)
    i.GPIO_ReadInputDataBit                  0x080029c8   Section        0  stm32f10x_gpio.o(i.GPIO_ReadInputDataBit)
    i.GPIO_ResetBits                         0x080029da   Section        0  stm32f10x_gpio.o(i.GPIO_ResetBits)
    i.GPIO_SetBits                           0x080029de   Section        0  stm32f10x_gpio.o(i.GPIO_SetBits)
    i.Listen_Enable                          0x080029e4   Section        0  max485.o(i.Listen_Enable)
    i.NVIC_EnableIRQ                         0x08002a2c   Section        0  main.o(i.NVIC_EnableIRQ)
    NVIC_EnableIRQ                           0x08002a2d   Thumb Code    22  main.o(i.NVIC_EnableIRQ)
    i.NVIC_EnableIRQ                         0x08002a42   Section        0  uart.o(i.NVIC_EnableIRQ)
    NVIC_EnableIRQ                           0x08002a43   Thumb Code    22  uart.o(i.NVIC_EnableIRQ)
    i.NVIC_EnableIRQ                         0x08002a58   Section        0  timersetup.o(i.NVIC_EnableIRQ)
    NVIC_EnableIRQ                           0x08002a59   Thumb Code    22  timersetup.o(i.NVIC_EnableIRQ)
    i.NVIC_EnableIRQ                         0x08002a6e   Section        0  ys201.o(i.NVIC_EnableIRQ)
    NVIC_EnableIRQ                           0x08002a6f   Thumb Code    22  ys201.o(i.NVIC_EnableIRQ)
    i.NVIC_Init                              0x08002a84   Section        0  misc.o(i.NVIC_Init)
    i.PumpControl                            0x08002af4   Section        0  pump.o(i.PumpControl)
    i.PumpInit                               0x08002b70   Section        0  pump.o(i.PumpInit)
    i.RCC_APB1PeriphClockCmd                 0x08002bbc   Section        0  stm32f10x_rcc.o(i.RCC_APB1PeriphClockCmd)
    i.RCC_APB2PeriphClockCmd                 0x08002bdc   Section        0  stm32f10x_rcc.o(i.RCC_APB2PeriphClockCmd)
    i.RCC_GetClocksFreq                      0x08002bfc   Section        0  stm32f10x_rcc.o(i.RCC_GetClocksFreq)
    i.RS485_Init                             0x08002cd0   Section        0  max485.o(i.RS485_Init)
    i.RS485_PutChar                          0x08002d54   Section        0  max485.o(i.RS485_PutChar)
    i.RS485_PutString                        0x08002d72   Section        0  max485.o(i.RS485_PutString)
    i.RX_Config                              0x08002da0   Section        0  uart.o(i.RX_Config)
    i.Send_Enable                            0x08002df4   Section        0  max485.o(i.Send_Enable)
    i.SetSysClock                            0x08002e3c   Section        0  system_stm32f10x.o(i.SetSysClock)
    SetSysClock                              0x08002e3d   Thumb Code     8  system_stm32f10x.o(i.SetSysClock)
    i.SetSysClockTo72                        0x08002e44   Section        0  system_stm32f10x.o(i.SetSysClockTo72)
    SetSysClockTo72                          0x08002e45   Thumb Code   214  system_stm32f10x.o(i.SetSysClockTo72)
    i.SwitchInit                             0x08002f24   Section        0  switchcontrol.o(i.SwitchInit)
    i.SystemInit                             0x08002f38   Section        0  system_stm32f10x.o(i.SystemInit)
    i.System_Init                            0x08002f98   Section        0  utility.o(i.System_Init)
    i.TIM2_IRQHandler                        0x08002fc0   Section        0  stm32f10x_it.o(i.TIM2_IRQHandler)
    i.TIM3_IRQHandler                        0x080030bc   Section        0  stm32f10x_it.o(i.TIM3_IRQHandler)
    i.TIM4_IRQHandler                        0x08003168   Section        0  stm32f10x_it.o(i.TIM4_IRQHandler)
    i.TIM_ClearFlag                          0x08003288   Section        0  stm32f10x_tim.o(i.TIM_ClearFlag)
    i.TIM_Cmd                                0x0800328e   Section        0  stm32f10x_tim.o(i.TIM_Cmd)
    i.TIM_GetCounter                         0x080032a6   Section        0  stm32f10x_tim.o(i.TIM_GetCounter)
    i.TIM_GetITStatus                        0x080032ac   Section        0  stm32f10x_tim.o(i.TIM_GetITStatus)
    i.TIM_ITConfig                           0x080032ce   Section        0  stm32f10x_tim.o(i.TIM_ITConfig)
    i.TIM_SetCounter                         0x080032e0   Section        0  stm32f10x_tim.o(i.TIM_SetCounter)
    i.TIM_TimeBaseInit                       0x080032e4   Section        0  stm32f10x_tim.o(i.TIM_TimeBaseInit)
    i.TX_Config                              0x08003388   Section        0  uart.o(i.TX_Config)
    i.TestYs201                              0x080033dc   Section        0  ys201.o(i.TestYs201)
    i.TestYs201Init                          0x08003404   Section        0  ys201.o(i.TestYs201Init)
    i.Timer_Init                             0x0800342c   Section        0  timersetup.o(i.Timer_Init)
    i.USART1_IRQHandler                      0x08003450   Section        0  stm32f10x_it.o(i.USART1_IRQHandler)
    i.USART2_IRQHandler                      0x080034c4   Section        0  stm32f10x_it.o(i.USART2_IRQHandler)
    i.USART3_IRQHandler                      0x08003538   Section        0  stm32f10x_it.o(i.USART3_IRQHandler)
    i.USART_ClearITPendingBit                0x080035f0   Section        0  stm32f10x_usart.o(i.USART_ClearITPendingBit)
    i.USART_Cmd                              0x0800360e   Section        0  stm32f10x_usart.o(i.USART_Cmd)
    i.USART_Config                           0x08003628   Section        0  uart.o(i.USART_Config)
    i.USART_GetFlagStatus                    0x080036b8   Section        0  stm32f10x_usart.o(i.USART_GetFlagStatus)
    i.USART_GetITStatus                      0x080036d2   Section        0  stm32f10x_usart.o(i.USART_GetITStatus)
    i.USART_ITConfig                         0x08003726   Section        0  stm32f10x_usart.o(i.USART_ITConfig)
    i.USART_Init                             0x08003770   Section        0  stm32f10x_usart.o(i.USART_Init)
    i.USART_ReceiveData                      0x08003848   Section        0  stm32f10x_usart.o(i.USART_ReceiveData)
    i.USART_SendData                         0x08003852   Section        0  stm32f10x_usart.o(i.USART_SendData)
    i.Uart_Init                              0x0800385a   Section        0  uart.o(i.Uart_Init)
    i.Ys201Init                              0x0800387c   Section        0  ys201.o(i.Ys201Init)
    i.__ARM_fpclassify                       0x08003890   Section        0  fpclassify.o(i.__ARM_fpclassify)
    i.__mathlib_dbl_overflow                 0x080038b8   Section        0  dunder.o(i.__mathlib_dbl_overflow)
    i.__mathlib_dbl_underflow                0x080038c8   Section        0  dunder.o(i.__mathlib_dbl_underflow)
    i.__mathlib_narrow                       0x080038d8   Section        0  narrow.o(i.__mathlib_narrow)
    i.__mathlib_tofloat                      0x080038e8   Section        0  narrow.o(i.__mathlib_tofloat)
    i.__support_ldexp                        0x080039a4   Section        0  ldexp.o(i.__support_ldexp)
    i._is_digit                              0x080039ba   Section        0  __printf_wp.o(i._is_digit)
    i.atof                                   0x080039c8   Section        0  atof.o(i.atof)
    i.delay                                  0x080039f2   Section        0  delay.o(i.delay)
    i.frexp                                  0x08003a04   Section        0  frexp.o(i.frexp)
    i.ldexp                                  0x08003a5c   Section        0  ldexp.o(i.ldexp)
    i.main                                   0x08003ad0   Section        0  main.o(i.main)
    i.resetData                              0x08003e50   Section        0  utility.o(i.resetData)
    locale$$code                             0x08003e64   Section       44  lc_numeric_c.o(locale$$code)
    locale$$code                             0x08003e90   Section       44  lc_ctype_c.o(locale$$code)
    x$fpl$d2f                                0x08003ebc   Section       98  d2f.o(x$fpl$d2f)
    x$fpl$dadd                               0x08003f20   Section      336  daddsub_clz.o(x$fpl$dadd)
    _dadd1                                   0x08003f31   Thumb Code     0  daddsub_clz.o(x$fpl$dadd)
    x$fpl$dcheck1                            0x08004070   Section       16  dcheck1.o(x$fpl$dcheck1)
    x$fpl$dcmpinf                            0x08004080   Section       24  dcmpi.o(x$fpl$dcmpinf)
    x$fpl$ddiv                               0x08004098   Section      688  ddiv.o(x$fpl$ddiv)
    ddiv_entry                               0x0800409f   Thumb Code     0  ddiv.o(x$fpl$ddiv)
    x$fpl$deqf                               0x08004348   Section      120  deqf.o(x$fpl$deqf)
    x$fpl$dfltu                              0x080043c0   Section       38  dflt_clz.o(x$fpl$dfltu)
    x$fpl$dleqf                              0x080043e8   Section      120  dleqf.o(x$fpl$dleqf)
    x$fpl$dnaninf                            0x08004460   Section      156  dnaninf.o(x$fpl$dnaninf)
    x$fpl$dretinf                            0x080044fc   Section       12  dretinf.o(x$fpl$dretinf)
    x$fpl$drleqf                             0x08004508   Section      108  drleqf.o(x$fpl$drleqf)
    x$fpl$dsub                               0x08004574   Section      468  daddsub_clz.o(x$fpl$dsub)
    _dsub1                                   0x08004585   Thumb Code     0  daddsub_clz.o(x$fpl$dsub)
    x$fpl$fretinf                            0x08004748   Section       10  fretinf.o(x$fpl$fretinf)
    x$fpl$ieeestatus                         0x08004752   Section        6  istatus.o(x$fpl$ieeestatus)
    x$fpl$printf1                            0x08004758   Section        4  printf1.o(x$fpl$printf1)
    x$fpl$retnan                             0x0800475c   Section      100  retnan.o(x$fpl$retnan)
    x$fpl$scalbn                             0x080047c0   Section       92  scalbn.o(x$fpl$scalbn)
    x$fpl$scanf1                             0x0800481c   Section        4  scanf1.o(x$fpl$scanf1)
    x$fpl$scanf2                             0x08004820   Section        8  scanf2.o(x$fpl$scanf2)
    x$fpl$trapveneer                         0x08004828   Section       48  trapv.o(x$fpl$trapveneer)
    .constdata                               0x08004858   Section      148  bigflt0.o(.constdata)
    x$fpl$usenofp                            0x08004858   Section        0  usenofp.o(x$fpl$usenofp)
    tenpwrs_x                                0x08004858   Data          60  bigflt0.o(.constdata)
    tenpwrs_i                                0x08004894   Data          64  bigflt0.o(.constdata)
    c$$dinf                                  0x0800490c   Section        8  fpconst.o(c$$dinf)
    c$$dmax                                  0x08004914   Section        8  fpconst.o(c$$dmax)
    locale$$data                             0x0800491c   Section       28  lc_numeric_c.o(locale$$data)
    __lcnum_c_name                           0x08004920   Data           2  lc_numeric_c.o(locale$$data)
    __lcnum_c_start                          0x08004928   Data           0  lc_numeric_c.o(locale$$data)
    __lcnum_c_point                          0x08004934   Data           0  lc_numeric_c.o(locale$$data)
    __lcnum_c_thousands                      0x08004936   Data           0  lc_numeric_c.o(locale$$data)
    __lcnum_c_grouping                       0x08004937   Data           0  lc_numeric_c.o(locale$$data)
    locale$$data                             0x08004938   Section      272  lc_ctype_c.o(locale$$data)
    __lcnum_c_end                            0x08004938   Data           0  lc_numeric_c.o(locale$$data)
    __lcctype_c_name                         0x0800493c   Data           2  lc_ctype_c.o(locale$$data)
    __lcctype_c_start                        0x08004944   Data           0  lc_ctype_c.o(locale$$data)
    __lcctype_c_end                          0x08004a48   Data           0  lc_ctype_c.o(locale$$data)
    .data                                    0x20000000   Section       44  main.o(.data)
    flagHand                                 0x20000022   Data           1  main.o(.data)
    .data                                    0x20000030   Section      112  stm32f10x_it.o(.data)
    sw0                                      0x20000030   Data           1  stm32f10x_it.o(.data)
    sw1                                      0x20000031   Data           1  stm32f10x_it.o(.data)
    sw2                                      0x20000032   Data           1  stm32f10x_it.o(.data)
    sw3                                      0x20000033   Data           1  stm32f10x_it.o(.data)
    t                                        0x20000034   Data           1  stm32f10x_it.o(.data)
    t_A                                      0x20000035   Data           1  stm32f10x_it.o(.data)
    t_send                                   0x20000036   Data           2  stm32f10x_it.o(.data)
    c_DataCLI                                0x20000038   Data           1  stm32f10x_it.o(.data)
    c_DataMIX                                0x20000039   Data           1  stm32f10x_it.o(.data)
    c_DataWater                              0x2000003a   Data           1  stm32f10x_it.o(.data)
    sel1                                     0x2000003b   Data           1  stm32f10x_it.o(.data)
    sel2                                     0x2000003c   Data           1  stm32f10x_it.o(.data)
    sel3                                     0x2000003d   Data           1  stm32f10x_it.o(.data)
    flowrate                                 0x20000040   Data           4  stm32f10x_it.o(.data)
    B_LIn                                    0x20000048   Data           8  stm32f10x_it.o(.data)
    B_Lp1                                    0x20000050   Data           8  stm32f10x_it.o(.data)
    B_Lp2                                    0x20000058   Data           8  stm32f10x_it.o(.data)
    .data                                    0x200000a0   Section       20  stm32f10x_rcc.o(.data)
    APBAHBPrescTable                         0x200000a0   Data          16  stm32f10x_rcc.o(.data)
    ADCPrescTable                            0x200000b0   Data           4  stm32f10x_rcc.o(.data)
    .data                                    0x200000b4   Section        4  display.o(.data)
    .data                                    0x200000b8   Section        4  pump.o(.data)
    .data                                    0x200000bc   Section        4  uart.o(.data)
    .data                                    0x200000c0   Section        4  max485.o(.data)
    .data                                    0x200000c4   Section        4  timersetup.o(.data)
    .data                                    0x200000c8   Section       16  ys201.o(.data)
    .data                                    0x200000d8   Section       16  switchcontrol.o(.data)
    .bss                                     0x200000e8   Section       48  main.o(.bss)
    .bss                                     0x20000118   Section      523  stm32f10x_it.o(.bss)
    .bss                                     0x20000324   Section       10  delay.o(.bss)
    .bss                                     0x20000330   Section       16  uart.o(.bss)
    .bss                                     0x20000340   Section       10  timersetup.o(.bss)
    .bss                                     0x2000034c   Section       96  libspace.o(.bss)
    HEAP                                     0x200003b0   Section      512  startup_stm32f10x_md.o(HEAP)
    Heap_Mem                                 0x200003b0   Data         512  startup_stm32f10x_md.o(HEAP)
    STACK                                    0x200005b0   Section     1024  startup_stm32f10x_md.o(STACK)
    Stack_Mem                                0x200005b0   Data        1024  startup_stm32f10x_md.o(STACK)
    __initial_sp                             0x200009b0   Data           0  startup_stm32f10x_md.o(STACK)

    Global Symbols

    Symbol Name                              Value     Ov Type        Size  Object(Section)

    BuildAttributes$$THM_ISAv4$P$D$K$B$S$PE$A:L22UL41UL21$X:L11$S22US41US21$IEEE1$IW$USESV6$~STKCKD$USESV7$~SHL$OTIME$ROPI$IEEEX$EBA8$UX$STANDARDLIB$REQ8$PRES8$EABIv2 0x00000000   Number         0  anon$$obj.o ABSOLUTE
    __ARM_use_no_argv                        0x00000000   Number         0  main.o ABSOLUTE
    _printf_flags                            0x00000000   Number         0  printf_stubs.o ABSOLUTE
    _printf_return_value                     0x00000000   Number         0  printf_stubs.o ABSOLUTE
    _printf_sizespec                         0x00000000   Number         0  printf_stubs.o ABSOLUTE
    _printf_widthprec                        0x00000000   Number         0  printf_stubs.o ABSOLUTE
    __ARM_exceptions_init                     - Undefined Weak Reference
    __alloca_initialize                       - Undefined Weak Reference
    __arm_preinit_                            - Undefined Weak Reference
    __cpp_initialize__aeabi_                  - Undefined Weak Reference
    __cxa_finalize                            - Undefined Weak Reference
    __sigvec_lookup                           - Undefined Weak Reference
    _atexit_init                              - Undefined Weak Reference
    _call_atexit_fns                          - Undefined Weak Reference
    _clock_init                               - Undefined Weak Reference
    _fp_trap_init                             - Undefined Weak Reference
    _fp_trap_shutdown                         - Undefined Weak Reference
    _get_lc_collate                           - Undefined Weak Reference
    _get_lc_monetary                          - Undefined Weak Reference
    _get_lc_time                              - Undefined Weak Reference
    _getenv_init                              - Undefined Weak Reference
    _handle_redirection                       - Undefined Weak Reference
    _init_alloc                               - Undefined Weak Reference
    _init_user_alloc                          - Undefined Weak Reference
    _initio                                   - Undefined Weak Reference
    _printf_mbtowc                            - Undefined Weak Reference
    _rand_init                                - Undefined Weak Reference
    _signal_finish                            - Undefined Weak Reference
    _signal_init                              - Undefined Weak Reference
    _terminate_alloc                          - Undefined Weak Reference
    _terminate_user_alloc                     - Undefined Weak Reference
    _terminateio                              - Undefined Weak Reference
    __Vectors_Size                           0x000000ec   Number         0  startup_stm32f10x_md.o ABSOLUTE
    __Vectors                                0x08000000   Data           4  startup_stm32f10x_md.o(RESET)
    __Vectors_End                            0x080000ec   Data           0  startup_stm32f10x_md.o(RESET)
    __main                                   0x080000ed   Thumb Code     8  __main.o(!!!main)
    __scatterload                            0x080000f5   Thumb Code     0  __scatter.o(!!!scatter)
    __scatterload_rt2                        0x080000f5   Thumb Code    44  __scatter.o(!!!scatter)
    __scatterload_rt2_thumb_only             0x080000f5   Thumb Code     0  __scatter.o(!!!scatter)
    __scatterload_null                       0x08000103   Thumb Code     0  __scatter.o(!!!scatter)
    __scatterload_copy                       0x08000129   Thumb Code    26  __scatter_copy.o(!!handler_copy)
    __scatterload_zeroinit                   0x08000145   Thumb Code    28  __scatter_zi.o(!!handler_zi)
    _printf_f                                0x08000161   Thumb Code     0  _printf_f.o(.ARM.Collect$$_printf_percent$$00000003)
    _printf_percent                          0x08000161   Thumb Code     0  _printf_percent.o(.ARM.Collect$$_printf_percent$$00000000)
    _printf_s                                0x08000167   Thumb Code     0  _printf_s.o(.ARM.Collect$$_printf_percent$$00000014)
    _printf_percent_end                      0x0800016d   Thumb Code     0  _printf_percent_end.o(.ARM.Collect$$_printf_percent$$00000017)
    __rt_lib_init                            0x08000171   Thumb Code     0  libinit.o(.ARM.Collect$$libinit$$00000000)
    __rt_lib_init_fp_1                       0x08000173   Thumb Code     0  libinit2.o(.ARM.Collect$$libinit$$00000002)
    __rt_lib_init_heap_1                     0x08000173   Thumb Code     0  libinit2.o(.ARM.Collect$$libinit$$0000000A)
    __rt_lib_init_lc_common                  0x08000173   Thumb Code     0  libinit2.o(.ARM.Collect$$libinit$$0000000F)
    __rt_lib_init_preinit_1                  0x08000173   Thumb Code     0  libinit2.o(.ARM.Collect$$libinit$$00000004)
    __rt_lib_init_rand_1                     0x08000173   Thumb Code     0  libinit2.o(.ARM.Collect$$libinit$$0000000E)
    __rt_lib_init_user_alloc_1               0x08000173   Thumb Code     0  libinit2.o(.ARM.Collect$$libinit$$0000000C)
    __rt_lib_init_lc_collate_1               0x08000179   Thumb Code     0  libinit2.o(.ARM.Collect$$libinit$$00000011)
    __rt_lib_init_lc_ctype_2                 0x08000179   Thumb Code     0  libinit2.o(.ARM.Collect$$libinit$$00000012)
    __rt_lib_init_lc_ctype_1                 0x08000185   Thumb Code     0  libinit2.o(.ARM.Collect$$libinit$$00000013)
    __rt_lib_init_lc_monetary_1              0x08000185   Thumb Code     0  libinit2.o(.ARM.Collect$$libinit$$00000015)
    __rt_lib_init_lc_numeric_2               0x08000185   Thumb Code     0  libinit2.o(.ARM.Collect$$libinit$$00000016)
    __rt_lib_init_alloca_1                   0x0800018f   Thumb Code     0  libinit2.o(.ARM.Collect$$libinit$$0000002E)
    __rt_lib_init_argv_1                     0x0800018f   Thumb Code     0  libinit2.o(.ARM.Collect$$libinit$$0000002C)
    __rt_lib_init_atexit_1                   0x0800018f   Thumb Code     0  libinit2.o(.ARM.Collect$$libinit$$0000001B)
    __rt_lib_init_clock_1                    0x0800018f   Thumb Code     0  libinit2.o(.ARM.Collect$$libinit$$00000021)
    __rt_lib_init_cpp_1                      0x0800018f   Thumb Code     0  libinit2.o(.ARM.Collect$$libinit$$00000032)
    __rt_lib_init_exceptions_1               0x0800018f   Thumb Code     0  libinit2.o(.ARM.Collect$$libinit$$00000030)
    __rt_lib_init_fp_trap_1                  0x0800018f   Thumb Code     0  libinit2.o(.ARM.Collect$$libinit$$0000001F)
    __rt_lib_init_getenv_1                   0x0800018f   Thumb Code     0  libinit2.o(.ARM.Collect$$libinit$$00000023)
    __rt_lib_init_lc_numeric_1               0x0800018f   Thumb Code     0  libinit2.o(.ARM.Collect$$libinit$$00000017)
    __rt_lib_init_lc_time_1                  0x0800018f   Thumb Code     0  libinit2.o(.ARM.Collect$$libinit$$00000019)
    __rt_lib_init_return                     0x0800018f   Thumb Code     0  libinit2.o(.ARM.Collect$$libinit$$00000033)
    __rt_lib_init_signal_1                   0x0800018f   Thumb Code     0  libinit2.o(.ARM.Collect$$libinit$$0000001D)
    __rt_lib_init_stdio_1                    0x0800018f   Thumb Code     0  libinit2.o(.ARM.Collect$$libinit$$00000025)
    __rt_lib_shutdown                        0x08000191   Thumb Code     0  libshutdown.o(.ARM.Collect$$libshutdown$$00000000)
    __rt_lib_shutdown_cpp_1                  0x08000193   Thumb Code     0  libshutdown2.o(.ARM.Collect$$libshutdown$$00000002)
    __rt_lib_shutdown_fp_trap_1              0x08000193   Thumb Code     0  libshutdown2.o(.ARM.Collect$$libshutdown$$00000007)
    __rt_lib_shutdown_heap_1                 0x08000193   Thumb Code     0  libshutdown2.o(.ARM.Collect$$libshutdown$$0000000F)
    __rt_lib_shutdown_return                 0x08000193   Thumb Code     0  libshutdown2.o(.ARM.Collect$$libshutdown$$00000010)
    __rt_lib_shutdown_signal_1               0x08000193   Thumb Code     0  libshutdown2.o(.ARM.Collect$$libshutdown$$0000000A)
    __rt_lib_shutdown_stdio_1                0x08000193   Thumb Code     0  libshutdown2.o(.ARM.Collect$$libshutdown$$00000004)
    __rt_lib_shutdown_user_alloc_1           0x08000193   Thumb Code     0  libshutdown2.o(.ARM.Collect$$libshutdown$$0000000C)
    __rt_entry                               0x08000195   Thumb Code     0  __rtentry.o(.ARM.Collect$$rtentry$$00000000)
    __rt_entry_presh_1                       0x08000195   Thumb Code     0  __rtentry2.o(.ARM.Collect$$rtentry$$00000002)
    __rt_entry_sh                            0x08000195   Thumb Code     0  __rtentry4.o(.ARM.Collect$$rtentry$$00000004)
    __rt_entry_li                            0x0800019b   Thumb Code     0  __rtentry2.o(.ARM.Collect$$rtentry$$0000000A)
    __rt_entry_postsh_1                      0x0800019b   Thumb Code     0  __rtentry2.o(.ARM.Collect$$rtentry$$00000009)
    __rt_entry_main                          0x0800019f   Thumb Code     0  __rtentry2.o(.ARM.Collect$$rtentry$$0000000D)
    __rt_entry_postli_1                      0x0800019f   Thumb Code     0  __rtentry2.o(.ARM.Collect$$rtentry$$0000000C)
    __rt_exit                                0x080001a7   Thumb Code     0  rtexit.o(.ARM.Collect$$rtexit$$00000000)
    __rt_exit_ls                             0x080001a9   Thumb Code     0  rtexit2.o(.ARM.Collect$$rtexit$$00000003)
    __rt_exit_prels_1                        0x080001a9   Thumb Code     0  rtexit2.o(.ARM.Collect$$rtexit$$00000002)
    __rt_exit_exit                           0x080001ad   Thumb Code     0  rtexit2.o(.ARM.Collect$$rtexit$$00000004)
    Reset_Handler                            0x080001b5   Thumb Code     8  startup_stm32f10x_md.o(.text)
    NMI_Handler                              0x080001bd   Thumb Code     2  startup_stm32f10x_md.o(.text)
    HardFault_Handler                        0x080001bf   Thumb Code     2  startup_stm32f10x_md.o(.text)
    MemManage_Handler                        0x080001c1   Thumb Code     2  startup_stm32f10x_md.o(.text)
    BusFault_Handler                         0x080001c3   Thumb Code     2  startup_stm32f10x_md.o(.text)
    UsageFault_Handler                       0x080001c5   Thumb Code     2  startup_stm32f10x_md.o(.text)
    SVC_Handler                              0x080001c7   Thumb Code     2  startup_stm32f10x_md.o(.text)
    DebugMon_Handler                         0x080001c9   Thumb Code     2  startup_stm32f10x_md.o(.text)
    PendSV_Handler                           0x080001cb   Thumb Code     2  startup_stm32f10x_md.o(.text)
    SysTick_Handler                          0x080001cd   Thumb Code     2  startup_stm32f10x_md.o(.text)
    ADC1_2_IRQHandler                        0x080001cf   Thumb Code     0  startup_stm32f10x_md.o(.text)
    CAN1_RX1_IRQHandler                      0x080001cf   Thumb Code     0  startup_stm32f10x_md.o(.text)
    CAN1_SCE_IRQHandler                      0x080001cf   Thumb Code     0  startup_stm32f10x_md.o(.text)
    DMA1_Channel1_IRQHandler                 0x080001cf   Thumb Code     0  startup_stm32f10x_md.o(.text)
    DMA1_Channel2_IRQHandler                 0x080001cf   Thumb Code     0  startup_stm32f10x_md.o(.text)
    DMA1_Channel3_IRQHandler                 0x080001cf   Thumb Code     0  startup_stm32f10x_md.o(.text)
    DMA1_Channel4_IRQHandler                 0x080001cf   Thumb Code     0  startup_stm32f10x_md.o(.text)
    DMA1_Channel5_IRQHandler                 0x080001cf   Thumb Code     0  startup_stm32f10x_md.o(.text)
    DMA1_Channel6_IRQHandler                 0x080001cf   Thumb Code     0  startup_stm32f10x_md.o(.text)
    DMA1_Channel7_IRQHandler                 0x080001cf   Thumb Code     0  startup_stm32f10x_md.o(.text)
    EXTI0_IRQHandler                         0x080001cf   Thumb Code     0  startup_stm32f10x_md.o(.text)
    EXTI1_IRQHandler                         0x080001cf   Thumb Code     0  startup_stm32f10x_md.o(.text)
    EXTI2_IRQHandler                         0x080001cf   Thumb Code     0  startup_stm32f10x_md.o(.text)
    FLASH_IRQHandler                         0x080001cf   Thumb Code     0  startup_stm32f10x_md.o(.text)
    I2C1_ER_IRQHandler                       0x080001cf   Thumb Code     0  startup_stm32f10x_md.o(.text)
    I2C1_EV_IRQHandler                       0x080001cf   Thumb Code     0  startup_stm32f10x_md.o(.text)
    I2C2_ER_IRQHandler                       0x080001cf   Thumb Code     0  startup_stm32f10x_md.o(.text)
    I2C2_EV_IRQHandler                       0x080001cf   Thumb Code     0  startup_stm32f10x_md.o(.text)
    PVD_IRQHandler                           0x080001cf   Thumb Code     0  startup_stm32f10x_md.o(.text)
    RCC_IRQHandler                           0x080001cf   Thumb Code     0  startup_stm32f10x_md.o(.text)
    RTCAlarm_IRQHandler                      0x080001cf   Thumb Code     0  startup_stm32f10x_md.o(.text)
    RTC_IRQHandler                           0x080001cf   Thumb Code     0  startup_stm32f10x_md.o(.text)
    SPI1_IRQHandler                          0x080001cf   Thumb Code     0  startup_stm32f10x_md.o(.text)
    SPI2_IRQHandler                          0x080001cf   Thumb Code     0  startup_stm32f10x_md.o(.text)
    TAMPER_IRQHandler                        0x080001cf   Thumb Code     0  startup_stm32f10x_md.o(.text)
    TIM1_BRK_IRQHandler                      0x080001cf   Thumb Code     0  startup_stm32f10x_md.o(.text)
    TIM1_CC_IRQHandler                       0x080001cf   Thumb Code     0  startup_stm32f10x_md.o(.text)
    TIM1_TRG_COM_IRQHandler                  0x080001cf   Thumb Code     0  startup_stm32f10x_md.o(.text)
    TIM1_UP_IRQHandler                       0x080001cf   Thumb Code     0  startup_stm32f10x_md.o(.text)
    USBWakeUp_IRQHandler                     0x080001cf   Thumb Code     0  startup_stm32f10x_md.o(.text)
    USB_HP_CAN1_TX_IRQHandler                0x080001cf   Thumb Code     0  startup_stm32f10x_md.o(.text)
    USB_LP_CAN1_RX0_IRQHandler               0x080001cf   Thumb Code     0  startup_stm32f10x_md.o(.text)
    WWDG_IRQHandler                          0x080001cf   Thumb Code     0  startup_stm32f10x_md.o(.text)
    __user_initial_stackheap                 0x080001d1   Thumb Code     0  startup_stm32f10x_md.o(.text)
    __2sprintf                               0x080001f5   Thumb Code    34  noretval__2sprintf.o(.text)
    _printf_pre_padding                      0x0800021d   Thumb Code    44  _printf_pad.o(.text)
    _printf_post_padding                     0x08000249   Thumb Code    34  _printf_pad.o(.text)
    _printf_str                              0x0800026b   Thumb Code    82  _printf_str.o(.text)
    __printf                                 0x080002bd   Thumb Code   270  __printf_wp.o(.text)
    strcpy                                   0x080003cb   Thumb Code    72  strcpy.o(.text)
    strncpy                                  0x08000413   Thumb Code    86  strncpy.o(.text)
    __use_two_region_memory                  0x08000469   Thumb Code     2  heapauxi.o(.text)
    __rt_heap_escrow$2region                 0x0800046b   Thumb Code     2  heapauxi.o(.text)
    __rt_heap_expand$2region                 0x0800046d   Thumb Code     2  heapauxi.o(.text)
    __read_errno                             0x0800046f   Thumb Code    10  _rserrno.o(.text)
    __set_errno                              0x08000479   Thumb Code    12  _rserrno.o(.text)
    __lib_sel_fp_printf                      0x08000485   Thumb Code     2  _printf_fp_dec.o(.text)
    _printf_fp_dec_real                      0x08000637   Thumb Code   620  _printf_fp_dec.o(.text)
    _printf_char_common                      0x080008af   Thumb Code    32  _printf_char_common.o(.text)
    _sputc                                   0x080008d5   Thumb Code    10  _sputc.o(.text)
    _printf_cs_common                        0x080008df   Thumb Code    20  _printf_char.o(.text)
    _printf_char                             0x080008f3   Thumb Code    16  _printf_char.o(.text)
    _printf_string                           0x08000903   Thumb Code     8  _printf_char.o(.text)
    __strtod_int                             0x08000949   Thumb Code    90  strtod.o(.text)
    __aeabi_memclr                           0x080009b1   Thumb Code     0  rt_memclr.o(.text)
    __rt_memclr                              0x080009b1   Thumb Code    68  rt_memclr.o(.text)
    _memset                                  0x080009b5   Thumb Code     0  rt_memclr.o(.text)
    __rt_locale                              0x080009f5   Thumb Code     8  rt_locale_intlibspace.o(.text)
    __aeabi_errno_addr                       0x080009fd   Thumb Code     8  rt_errno_addr_intlibspace.o(.text)
    __errno$intlibspace                      0x080009fd   Thumb Code     0  rt_errno_addr_intlibspace.o(.text)
    __rt_errno_addr$intlibspace              0x080009fd   Thumb Code     0  rt_errno_addr_intlibspace.o(.text)
    _ll_udiv10                               0x08000a05   Thumb Code   138  lludiv10.o(.text)
    isspace                                  0x08000a8f   Thumb Code    18  isspace.o(.text)
    _printf_fp_infnan                        0x08000aa1   Thumb Code   112  _printf_fp_infnan.o(.text)
    _sgetc                                   0x08000b21   Thumb Code    30  _sgetc.o(.text)
    _sbackspace                              0x08000b3f   Thumb Code    34  _sgetc.o(.text)
    _btod_etento                             0x08000b61   Thumb Code   224  bigflt0.o(.text)
    __aeabi_memclr4                          0x08000c45   Thumb Code     0  rt_memclr_w.o(.text)
    __aeabi_memclr8                          0x08000c45   Thumb Code     0  rt_memclr_w.o(.text)
    __rt_memclr_w                            0x08000c45   Thumb Code    78  rt_memclr_w.o(.text)
    _memset_w                                0x08000c49   Thumb Code     0  rt_memclr_w.o(.text)
    __user_libspace                          0x08000c95   Thumb Code     8  libspace.o(.text)
    __user_perproc_libspace                  0x08000c95   Thumb Code     0  libspace.o(.text)
    __user_perthread_libspace                0x08000c95   Thumb Code     0  libspace.o(.text)
    __user_setup_stackheap                   0x08000c9d   Thumb Code    74  sys_stackheap_outer.o(.text)
    __rt_ctype_table                         0x08000ce9   Thumb Code    16  rt_ctype_table.o(.text)
    _scanf_really_real                       0x08000f45   Thumb Code   684  scanf_fp.o(.text)
    exit                                     0x080011f1   Thumb Code    18  exit.o(.text)
    strcmp                                   0x08001205   Thumb Code   128  strcmpv7m.o(.text)
    _scanf_really_hex_real                   0x08001285   Thumb Code   786  scanf_hexfp.o(.text)
    _scanf_really_infnan                     0x080015a5   Thumb Code   292  scanf_infnan.o(.text)
    _sys_exit                                0x080016d9   Thumb Code     8  sys_exit.o(.text)
    __aeabi_llsl                             0x080016e5   Thumb Code     0  llshl.o(.text)
    _ll_shift_l                              0x080016e5   Thumb Code    38  llshl.o(.text)
    _chval                                   0x0800170b   Thumb Code    28  _chval.o(.text)
    __I$use$semihosting                      0x08001727   Thumb Code     0  use_no_semi.o(.text)
    __use_no_semihosting_swi                 0x08001727   Thumb Code     2  use_no_semi.o(.text)
    __semihosting_library_function           0x08001729   Thumb Code     0  indicate_semi.o(.text)
    _btod_d2e                                0x08001729   Thumb Code    62  btod.o(CL$$btod_d2e)
    _d2e_denorm_low                          0x08001767   Thumb Code    70  btod.o(CL$$btod_d2e_denorm_low)
    _d2e_norm_op1                            0x080017ad   Thumb Code    96  btod.o(CL$$btod_d2e_norm_op1)
    __btod_div_common                        0x0800180d   Thumb Code   696  btod.o(CL$$btod_div_common)
    _e2d                                     0x08001b45   Thumb Code   122  btod.o(CL$$btod_e2d)
    _e2e                                     0x08001bc9   Thumb Code   220  btod.o(CL$$btod_e2e)
    _btod_ediv                               0x08001ca5   Thumb Code    42  btod.o(CL$$btod_ediv)
    _btod_edivd                              0x08001ccf   Thumb Code    42  btod.o(CL$$btod_edivd)
    _btod_emul                               0x08001cf9   Thumb Code    42  btod.o(CL$$btod_emul)
    _btod_emuld                              0x08001d23   Thumb Code    42  btod.o(CL$$btod_emuld)
    __btod_mult_common                       0x08001d4d   Thumb Code   580  btod.o(CL$$btod_mult_common)
    Delay1Ms                                 0x08001f91   Thumb Code    26  delay.o(i.Delay1Ms)
    DelayInit                                0x08001fb1   Thumb Code    42  delay.o(i.DelayInit)
    DisplayControl                           0x08001fe5   Thumb Code   120  display.o(i.DisplayControl)
    DisplayInit                              0x08002061   Thumb Code    66  display.o(i.DisplayInit)
    EXTI13_YS201                             0x080020ad   Thumb Code    98  ys201.o(i.EXTI13_YS201)
    EXTI15_10_IRQHandler                     0x08002121   Thumb Code   180  stm32f10x_it.o(i.EXTI15_10_IRQHandler)
    EXTI15_Mix                               0x080021e9   Thumb Code    98  switchcontrol.o(i.EXTI15_Mix)
    EXTI3_IRQHandler                         0x0800225d   Thumb Code   200  stm32f10x_it.o(i.EXTI3_IRQHandler)
    EXTI3_Water                              0x08002349   Thumb Code   102  switchcontrol.o(i.EXTI3_Water)
    EXTI4_IRQHandler                         0x080023c5   Thumb Code   156  stm32f10x_it.o(i.EXTI4_IRQHandler)
    EXTI4_NuB                                0x08002479   Thumb Code    92  switchcontrol.o(i.EXTI4_NuB)
    EXTI5_NuA                                0x080024e5   Thumb Code    92  switchcontrol.o(i.EXTI5_NuA)
    EXTI9_5_IRQHandler                       0x08002551   Thumb Code   152  stm32f10x_it.o(i.EXTI9_5_IRQHandler)
    EXTI_ClearFlag                           0x08002601   Thumb Code     6  stm32f10x_exti.o(i.EXTI_ClearFlag)
    EXTI_ClearITPendingBit                   0x0800260d   Thumb Code     6  stm32f10x_exti.o(i.EXTI_ClearITPendingBit)
    EXTI_Config_TIM2                         0x08002619   Thumb Code    84  timersetup.o(i.EXTI_Config_TIM2)
    EXTI_Config_TIM3                         0x08002675   Thumb Code    82  timersetup.o(i.EXTI_Config_TIM3)
    EXTI_Config_TIM4                         0x080026d5   Thumb Code    82  timersetup.o(i.EXTI_Config_TIM4)
    EXTI_GetFlagStatus                       0x08002735   Thumb Code    20  stm32f10x_exti.o(i.EXTI_GetFlagStatus)
    EXTI_Init                                0x0800274d   Thumb Code   142  stm32f10x_exti.o(i.EXTI_Init)
    GPIO_EXTILineConfig                      0x080027e1   Thumb Code    60  stm32f10x_gpio.o(i.GPIO_EXTILineConfig)
    GPIO_Init                                0x08002821   Thumb Code   278  stm32f10x_gpio.o(i.GPIO_Init)
    GPIO_PinRemapConfig                      0x08002939   Thumb Code   138  stm32f10x_gpio.o(i.GPIO_PinRemapConfig)
    GPIO_ReadInputDataBit                    0x080029c9   Thumb Code    18  stm32f10x_gpio.o(i.GPIO_ReadInputDataBit)
    GPIO_ResetBits                           0x080029db   Thumb Code     4  stm32f10x_gpio.o(i.GPIO_ResetBits)
    GPIO_SetBits                             0x080029df   Thumb Code     4  stm32f10x_gpio.o(i.GPIO_SetBits)
    Listen_Enable                            0x080029e5   Thumb Code    52  max485.o(i.Listen_Enable)
    NVIC_Init                                0x08002a85   Thumb Code   100  misc.o(i.NVIC_Init)
    PumpControl                              0x08002af5   Thumb Code   120  pump.o(i.PumpControl)
    PumpInit                                 0x08002b71   Thumb Code    66  pump.o(i.PumpInit)
    RCC_APB1PeriphClockCmd                   0x08002bbd   Thumb Code    26  stm32f10x_rcc.o(i.RCC_APB1PeriphClockCmd)
    RCC_APB2PeriphClockCmd                   0x08002bdd   Thumb Code    26  stm32f10x_rcc.o(i.RCC_APB2PeriphClockCmd)
    RCC_GetClocksFreq                        0x08002bfd   Thumb Code   192  stm32f10x_rcc.o(i.RCC_GetClocksFreq)
    RS485_Init                               0x08002cd1   Thumb Code   106  max485.o(i.RS485_Init)
    RS485_PutChar                            0x08002d55   Thumb Code    30  max485.o(i.RS485_PutChar)
    RS485_PutString                          0x08002d73   Thumb Code    46  max485.o(i.RS485_PutString)
    RX_Config                                0x08002da1   Thumb Code    70  uart.o(i.RX_Config)
    Send_Enable                              0x08002df5   Thumb Code    52  max485.o(i.Send_Enable)
    SwitchInit                               0x08002f25   Thumb Code    20  switchcontrol.o(i.SwitchInit)
    SystemInit                               0x08002f39   Thumb Code    78  system_stm32f10x.o(i.SystemInit)
    System_Init                              0x08002f99   Thumb Code    40  utility.o(i.System_Init)
    TIM2_IRQHandler                          0x08002fc1   Thumb Code   210  stm32f10x_it.o(i.TIM2_IRQHandler)
    TIM3_IRQHandler                          0x080030bd   Thumb Code   114  stm32f10x_it.o(i.TIM3_IRQHandler)
    TIM4_IRQHandler                          0x08003169   Thumb Code   232  stm32f10x_it.o(i.TIM4_IRQHandler)
    TIM_ClearFlag                            0x08003289   Thumb Code     6  stm32f10x_tim.o(i.TIM_ClearFlag)
    TIM_Cmd                                  0x0800328f   Thumb Code    24  stm32f10x_tim.o(i.TIM_Cmd)
    TIM_GetCounter                           0x080032a7   Thumb Code     6  stm32f10x_tim.o(i.TIM_GetCounter)
    TIM_GetITStatus                          0x080032ad   Thumb Code    34  stm32f10x_tim.o(i.TIM_GetITStatus)
    TIM_ITConfig                             0x080032cf   Thumb Code    18  stm32f10x_tim.o(i.TIM_ITConfig)
    TIM_SetCounter                           0x080032e1   Thumb Code     4  stm32f10x_tim.o(i.TIM_SetCounter)
    TIM_TimeBaseInit                         0x080032e5   Thumb Code   122  stm32f10x_tim.o(i.TIM_TimeBaseInit)
    TX_Config                                0x08003389   Thumb Code    70  uart.o(i.TX_Config)
    TestYs201                                0x080033dd   Thumb Code    34  ys201.o(i.TestYs201)
    TestYs201Init                            0x08003405   Thumb Code    32  ys201.o(i.TestYs201Init)
    Timer_Init                               0x0800342d   Thumb Code    34  timersetup.o(i.Timer_Init)
    USART1_IRQHandler                        0x08003451   Thumb Code    94  stm32f10x_it.o(i.USART1_IRQHandler)
    USART2_IRQHandler                        0x080034c5   Thumb Code    94  stm32f10x_it.o(i.USART2_IRQHandler)
    USART3_IRQHandler                        0x08003539   Thumb Code   160  stm32f10x_it.o(i.USART3_IRQHandler)
    USART_ClearITPendingBit                  0x080035f1   Thumb Code    30  stm32f10x_usart.o(i.USART_ClearITPendingBit)
    USART_Cmd                                0x0800360f   Thumb Code    24  stm32f10x_usart.o(i.USART_Cmd)
    USART_Config                             0x08003629   Thumb Code   128  uart.o(i.USART_Config)
    USART_GetFlagStatus                      0x080036b9   Thumb Code    26  stm32f10x_usart.o(i.USART_GetFlagStatus)
    USART_GetITStatus                        0x080036d3   Thumb Code    84  stm32f10x_usart.o(i.USART_GetITStatus)
    USART_ITConfig                           0x08003727   Thumb Code    74  stm32f10x_usart.o(i.USART_ITConfig)
    USART_Init                               0x08003771   Thumb Code   210  stm32f10x_usart.o(i.USART_Init)
    USART_ReceiveData                        0x08003849   Thumb Code    10  stm32f10x_usart.o(i.USART_ReceiveData)
    USART_SendData                           0x08003853   Thumb Code     8  stm32f10x_usart.o(i.USART_SendData)
    Uart_Init                                0x0800385b   Thumb Code    34  uart.o(i.Uart_Init)
    Ys201Init                                0x0800387d   Thumb Code    20  ys201.o(i.Ys201Init)
    __ARM_fpclassify                         0x08003891   Thumb Code    40  fpclassify.o(i.__ARM_fpclassify)
    __mathlib_dbl_overflow                   0x080038b9   Thumb Code    14  dunder.o(i.__mathlib_dbl_overflow)
    __mathlib_dbl_underflow                  0x080038c9   Thumb Code    10  dunder.o(i.__mathlib_dbl_underflow)
    __mathlib_narrow                         0x080038d9   Thumb Code    16  narrow.o(i.__mathlib_narrow)
    __mathlib_tofloat                        0x080038e9   Thumb Code   184  narrow.o(i.__mathlib_tofloat)
    __support_ldexp                          0x080039a5   Thumb Code    22  ldexp.o(i.__support_ldexp)
    _is_digit                                0x080039bb   Thumb Code    14  __printf_wp.o(i._is_digit)
    atof                                     0x080039c9   Thumb Code    42  atof.o(i.atof)
    delay                                    0x080039f3   Thumb Code    18  delay.o(i.delay)
    frexp                                    0x08003a05   Thumb Code    80  frexp.o(i.frexp)
    ldexp                                    0x08003a5d   Thumb Code   116  ldexp.o(i.ldexp)
    main                                     0x08003ad1   Thumb Code   746  main.o(i.main)
    resetData                                0x08003e51   Thumb Code    18  utility.o(i.resetData)
    _get_lc_numeric                          0x08003e65   Thumb Code    44  lc_numeric_c.o(locale$$code)
    _get_lc_ctype                            0x08003e91   Thumb Code    44  lc_ctype_c.o(locale$$code)
    __aeabi_d2f                              0x08003ebd   Thumb Code     0  d2f.o(x$fpl$d2f)
    _d2f                                     0x08003ebd   Thumb Code    98  d2f.o(x$fpl$d2f)
    __aeabi_dadd                             0x08003f21   Thumb Code     0  daddsub_clz.o(x$fpl$dadd)
    _dadd                                    0x08003f21   Thumb Code   332  daddsub_clz.o(x$fpl$dadd)
    __fpl_dcheck_NaN1                        0x08004071   Thumb Code    10  dcheck1.o(x$fpl$dcheck1)
    __fpl_dcmp_Inf                           0x08004081   Thumb Code    24  dcmpi.o(x$fpl$dcmpinf)
    __aeabi_ddiv                             0x08004099   Thumb Code     0  ddiv.o(x$fpl$ddiv)
    _ddiv                                    0x08004099   Thumb Code   552  ddiv.o(x$fpl$ddiv)
    __aeabi_cdcmpeq                          0x08004349   Thumb Code     0  deqf.o(x$fpl$deqf)
    _dcmpeq                                  0x08004349   Thumb Code   120  deqf.o(x$fpl$deqf)
    __aeabi_ui2d                             0x080043c1   Thumb Code     0  dflt_clz.o(x$fpl$dfltu)
    _dfltu                                   0x080043c1   Thumb Code    38  dflt_clz.o(x$fpl$dfltu)
    __aeabi_cdcmple                          0x080043e9   Thumb Code     0  dleqf.o(x$fpl$dleqf)
    _dcmple                                  0x080043e9   Thumb Code   120  dleqf.o(x$fpl$dleqf)
    __fpl_dcmple_InfNaN                      0x0800444b   Thumb Code     0  dleqf.o(x$fpl$dleqf)
    __fpl_dnaninf                            0x08004461   Thumb Code   156  dnaninf.o(x$fpl$dnaninf)
    __fpl_dretinf                            0x080044fd   Thumb Code    12  dretinf.o(x$fpl$dretinf)
    __aeabi_cdrcmple                         0x08004509   Thumb Code     0  drleqf.o(x$fpl$drleqf)
    _drcmple                                 0x08004509   Thumb Code   108  drleqf.o(x$fpl$drleqf)
    __aeabi_dsub                             0x08004575   Thumb Code     0  daddsub_clz.o(x$fpl$dsub)
    _dsub                                    0x08004575   Thumb Code   464  daddsub_clz.o(x$fpl$dsub)
    __fpl_fretinf                            0x08004749   Thumb Code    10  fretinf.o(x$fpl$fretinf)
    __ieee_status                            0x08004753   Thumb Code     6  istatus.o(x$fpl$ieeestatus)
    _printf_fp_dec                           0x08004759   Thumb Code     4  printf1.o(x$fpl$printf1)
    __fpl_return_NaN                         0x0800475d   Thumb Code   100  retnan.o(x$fpl$retnan)
    __ARM_scalbn                             0x080047c1   Thumb Code    92  scalbn.o(x$fpl$scalbn)
    _scanf_real                              0x0800481d   Thumb Code     4  scanf1.o(x$fpl$scanf1)
    _scanf_hex_real                          0x08004821   Thumb Code     4  scanf2.o(x$fpl$scanf2)
    _scanf_infnan                            0x08004825   Thumb Code     4  scanf2.o(x$fpl$scanf2)
    __fpl_cmpreturn                          0x08004829   Thumb Code    48  trapv.o(x$fpl$trapveneer)
    __I$use$fp                               0x08004858   Number         0  usenofp.o(x$fpl$usenofp)
    Region$$Table$$Base                      0x080048ec   Number         0  anon$$obj.o(Region$$Table)
    Region$$Table$$Limit                     0x0800490c   Number         0  anon$$obj.o(Region$$Table)
    __aeabi_HUGE_VAL                         0x0800490c   Data           0  fpconst.o(c$$dinf)
    __aeabi_HUGE_VALL                        0x0800490c   Data           0  fpconst.o(c$$dinf)
    __aeabi_INFINITY                         0x0800490c   Data           0  fpconst.o(c$$dinf)
    __dInf                                   0x0800490c   Data           0  fpconst.o(c$$dinf)
    __huge_val                               0x0800490c   Data           0  fpconst.o(c$$dinf)
    __dbl_max                                0x08004914   Data           0  fpconst.o(c$$dmax)
    __ctype                                  0x08004945   Data           0  lc_ctype_c.o(locale$$data)
    B_DataMix                                0x20000000   Data          16  main.o(.data)
    B_DataCLI                                0x20000010   Data          18  main.o(.data)
    crc1_receive                             0x20000024   Data           2  main.o(.data)
    crc2_receive                             0x20000026   Data           2  main.o(.data)
    crc1                                     0x20000028   Data           2  main.o(.data)
    crc2                                     0x2000002a   Data           2  main.o(.data)
    flagHandMIX                              0x20000060   Data           1  stm32f10x_it.o(.data)
    flagHandWater                            0x20000061   Data           1  stm32f10x_it.o(.data)
    flagHandA                                0x20000062   Data           1  stm32f10x_it.o(.data)
    flagHandB                                0x20000063   Data           1  stm32f10x_it.o(.data)
    flagCLI                                  0x20000064   Data           1  stm32f10x_it.o(.data)
    flagMIX                                  0x20000065   Data           1  stm32f10x_it.o(.data)
    flagWater                                0x20000066   Data           1  stm32f10x_it.o(.data)
    flagCount                                0x20000067   Data           1  stm32f10x_it.o(.data)
    flagW                                    0x20000068   Data           1  stm32f10x_it.o(.data)
    flagP1                                   0x20000069   Data           1  stm32f10x_it.o(.data)
    flagP2                                   0x2000006a   Data           1  stm32f10x_it.o(.data)
    count                                    0x2000006c   Data           4  stm32f10x_it.o(.data)
    LWater                                   0x20000070   Data           8  stm32f10x_it.o(.data)
    LPump1                                   0x20000078   Data           8  stm32f10x_it.o(.data)
    LPump2                                   0x20000080   Data           8  stm32f10x_it.o(.data)
    LIn                                      0x20000088   Data           8  stm32f10x_it.o(.data)
    Lp1                                      0x20000090   Data           8  stm32f10x_it.o(.data)
    Lp2                                      0x20000098   Data           8  stm32f10x_it.o(.data)
    g_disp                                   0x200000b4   Data           4  display.o(.data)
    g_pump                                   0x200000b8   Data           4  pump.o(.data)
    g_uartInit                               0x200000bc   Data           4  uart.o(.data)
    gpiors485                                0x200000c0   Data           4  max485.o(.data)
    NVIC_InitStructure                       0x200000c4   Data           4  timersetup.o(.data)
    g_YS                                     0x200000c8   Data           4  ys201.o(.data)
    e_YS                                     0x200000cc   Data           8  ys201.o(.data)
    n_YS                                     0x200000d4   Data           4  ys201.o(.data)
    g_sw                                     0x200000d8   Data           4  switchcontrol.o(.data)
    e_SW                                     0x200000dc   Data           8  switchcontrol.o(.data)
    n_SW                                     0x200000e4   Data           4  switchcontrol.o(.data)
    H_DataCLI                                0x200000e8   Data          18  main.o(.bss)
    H_DataMix                                0x200000fa   Data          30  main.o(.bss)
    Pumped                                   0x20000118   Data         100  stm32f10x_it.o(.bss)
    DataMix                                  0x2000017c   Data          30  stm32f10x_it.o(.bss)
    DataCLI                                  0x2000019a   Data          22  stm32f10x_it.o(.bss)
    DataWater                                0x200001b0   Data         100  stm32f10x_it.o(.bss)
    DataPumpA                                0x20000214   Data         100  stm32f10x_it.o(.bss)
    DataPumpB                                0x20000278   Data         100  stm32f10x_it.o(.bss)
    result                                   0x200002dc   Data          35  stm32f10x_it.o(.bss)
    result1                                  0x200002ff   Data          36  stm32f10x_it.o(.bss)
    delayInit                                0x20000324   Data          10  delay.o(.bss)
    uartInit                                 0x20000330   Data          16  uart.o(.bss)
    timInit                                  0x20000340   Data          10  timersetup.o(.bss)
    __libspace_start                         0x2000034c   Data          96  libspace.o(.bss)
    __temporary_stack_top$libspace           0x200003ac   Data           0  libspace.o(.bss)



==============================================================================

Memory Map of the image

  Image Entry point : 0x080000ed

  Load Region LR_IROM1 (Base: 0x08000000, Size: 0x00004b30, Max: 0x00010000, ABSOLUTE)

    Execution Region ER_IROM1 (Exec base: 0x08000000, Load base: 0x08000000, Size: 0x00004a48, Max: 0x00010000, ABSOLUTE)

    Exec Addr    Load Addr    Size         Type   Attr      Idx    E Section Name        Object

    0x08000000   0x08000000   0x000000ec   Data   RO          267    RESET               startup_stm32f10x_md.o
    0x080000ec   0x080000ec   0x00000008   Code   RO         2019  * !!!main             c_w.l(__main.o)
    0x080000f4   0x080000f4   0x00000034   Code   RO         2360    !!!scatter          c_w.l(__scatter.o)
    0x08000128   0x08000128   0x0000001a   Code   RO         2362    !!handler_copy      c_w.l(__scatter_copy.o)
    0x08000142   0x08000142   0x00000002   PAD
    0x08000144   0x08000144   0x0000001c   Code   RO         2364    !!handler_zi        c_w.l(__scatter_zi.o)
    0x08000160   0x08000160   0x00000000   Code   RO         2012    .ARM.Collect$$_printf_percent$$00000000  c_w.l(_printf_percent.o)
    0x08000160   0x08000160   0x00000006   Code   RO         2011    .ARM.Collect$$_printf_percent$$00000003  c_w.l(_printf_f.o)
    0x08000166   0x08000166   0x00000006   Code   RO         2010    .ARM.Collect$$_printf_percent$$00000014  c_w.l(_printf_s.o)
    0x0800016c   0x0800016c   0x00000004   Code   RO         2058    .ARM.Collect$$_printf_percent$$00000017  c_w.l(_printf_percent_end.o)
    0x08000170   0x08000170   0x00000002   Code   RO         2159    .ARM.Collect$$libinit$$00000000  c_w.l(libinit.o)
    0x08000172   0x08000172   0x00000000   Code   RO         2161    .ARM.Collect$$libinit$$00000002  c_w.l(libinit2.o)
    0x08000172   0x08000172   0x00000000   Code   RO         2163    .ARM.Collect$$libinit$$00000004  c_w.l(libinit2.o)
    0x08000172   0x08000172   0x00000000   Code   RO         2166    .ARM.Collect$$libinit$$0000000A  c_w.l(libinit2.o)
    0x08000172   0x08000172   0x00000000   Code   RO         2168    .ARM.Collect$$libinit$$0000000C  c_w.l(libinit2.o)
    0x08000172   0x08000172   0x00000000   Code   RO         2170    .ARM.Collect$$libinit$$0000000E  c_w.l(libinit2.o)
    0x08000172   0x08000172   0x00000006   Code   RO         2171    .ARM.Collect$$libinit$$0000000F  c_w.l(libinit2.o)
    0x08000178   0x08000178   0x00000000   Code   RO         2173    .ARM.Collect$$libinit$$00000011  c_w.l(libinit2.o)
    0x08000178   0x08000178   0x0000000c   Code   RO         2174    .ARM.Collect$$libinit$$00000012  c_w.l(libinit2.o)
    0x08000184   0x08000184   0x00000000   Code   RO         2175    .ARM.Collect$$libinit$$00000013  c_w.l(libinit2.o)
    0x08000184   0x08000184   0x00000000   Code   RO         2177    .ARM.Collect$$libinit$$00000015  c_w.l(libinit2.o)
    0x08000184   0x08000184   0x0000000a   Code   RO         2178    .ARM.Collect$$libinit$$00000016  c_w.l(libinit2.o)
    0x0800018e   0x0800018e   0x00000000   Code   RO         2179    .ARM.Collect$$libinit$$00000017  c_w.l(libinit2.o)
    0x0800018e   0x0800018e   0x00000000   Code   RO         2181    .ARM.Collect$$libinit$$00000019  c_w.l(libinit2.o)
    0x0800018e   0x0800018e   0x00000000   Code   RO         2183    .ARM.Collect$$libinit$$0000001B  c_w.l(libinit2.o)
    0x0800018e   0x0800018e   0x00000000   Code   RO         2185    .ARM.Collect$$libinit$$0000001D  c_w.l(libinit2.o)
    0x0800018e   0x0800018e   0x00000000   Code   RO         2187    .ARM.Collect$$libinit$$0000001F  c_w.l(libinit2.o)
    0x0800018e   0x0800018e   0x00000000   Code   RO         2189    .ARM.Collect$$libinit$$00000021  c_w.l(libinit2.o)
    0x0800018e   0x0800018e   0x00000000   Code   RO         2191    .ARM.Collect$$libinit$$00000023  c_w.l(libinit2.o)
    0x0800018e   0x0800018e   0x00000000   Code   RO         2193    .ARM.Collect$$libinit$$00000025  c_w.l(libinit2.o)
    0x0800018e   0x0800018e   0x00000000   Code   RO         2197    .ARM.Collect$$libinit$$0000002C  c_w.l(libinit2.o)
    0x0800018e   0x0800018e   0x00000000   Code   RO         2199    .ARM.Collect$$libinit$$0000002E  c_w.l(libinit2.o)
    0x0800018e   0x0800018e   0x00000000   Code   RO         2201    .ARM.Collect$$libinit$$00000030  c_w.l(libinit2.o)
    0x0800018e   0x0800018e   0x00000000   Code   RO         2203    .ARM.Collect$$libinit$$00000032  c_w.l(libinit2.o)
    0x0800018e   0x0800018e   0x00000002   Code   RO         2204    .ARM.Collect$$libinit$$00000033  c_w.l(libinit2.o)
    0x08000190   0x08000190   0x00000002   Code   RO         2269    .ARM.Collect$$libshutdown$$00000000  c_w.l(libshutdown.o)
    0x08000192   0x08000192   0x00000000   Code   RO         2296    .ARM.Collect$$libshutdown$$00000002  c_w.l(libshutdown2.o)
    0x08000192   0x08000192   0x00000000   Code   RO         2298    .ARM.Collect$$libshutdown$$00000004  c_w.l(libshutdown2.o)
    0x08000192   0x08000192   0x00000000   Code   RO         2301    .ARM.Collect$$libshutdown$$00000007  c_w.l(libshutdown2.o)
    0x08000192   0x08000192   0x00000000   Code   RO         2304    .ARM.Collect$$libshutdown$$0000000A  c_w.l(libshutdown2.o)
    0x08000192   0x08000192   0x00000000   Code   RO         2306    .ARM.Collect$$libshutdown$$0000000C  c_w.l(libshutdown2.o)
    0x08000192   0x08000192   0x00000000   Code   RO         2309    .ARM.Collect$$libshutdown$$0000000F  c_w.l(libshutdown2.o)
    0x08000192   0x08000192   0x00000002   Code   RO         2310    .ARM.Collect$$libshutdown$$00000010  c_w.l(libshutdown2.o)
    0x08000194   0x08000194   0x00000000   Code   RO         2047    .ARM.Collect$$rtentry$$00000000  c_w.l(__rtentry.o)
    0x08000194   0x08000194   0x00000000   Code   RO         2071    .ARM.Collect$$rtentry$$00000002  c_w.l(__rtentry2.o)
    0x08000194   0x08000194   0x00000006   Code   RO         2083    .ARM.Collect$$rtentry$$00000004  c_w.l(__rtentry4.o)
    0x0800019a   0x0800019a   0x00000000   Code   RO         2073    .ARM.Collect$$rtentry$$00000009  c_w.l(__rtentry2.o)
    0x0800019a   0x0800019a   0x00000004   Code   RO         2074    .ARM.Collect$$rtentry$$0000000A  c_w.l(__rtentry2.o)
    0x0800019e   0x0800019e   0x00000000   Code   RO         2076    .ARM.Collect$$rtentry$$0000000C  c_w.l(__rtentry2.o)
    0x0800019e   0x0800019e   0x00000008   Code   RO         2077    .ARM.Collect$$rtentry$$0000000D  c_w.l(__rtentry2.o)
    0x080001a6   0x080001a6   0x00000002   Code   RO         2205    .ARM.Collect$$rtexit$$00000000  c_w.l(rtexit.o)
    0x080001a8   0x080001a8   0x00000000   Code   RO         2231    .ARM.Collect$$rtexit$$00000002  c_w.l(rtexit2.o)
    0x080001a8   0x080001a8   0x00000004   Code   RO         2232    .ARM.Collect$$rtexit$$00000003  c_w.l(rtexit2.o)
    0x080001ac   0x080001ac   0x00000006   Code   RO         2233    .ARM.Collect$$rtexit$$00000004  c_w.l(rtexit2.o)
    0x080001b2   0x080001b2   0x00000002   PAD
    0x080001b4   0x080001b4   0x00000040   Code   RO          268    .text               startup_stm32f10x_md.o
    0x080001f4   0x080001f4   0x00000028   Code   RO         1982    .text               c_w.l(noretval__2sprintf.o)
    0x0800021c   0x0800021c   0x0000004e   Code   RO         1986    .text               c_w.l(_printf_pad.o)
    0x0800026a   0x0800026a   0x00000052   Code   RO         1988    .text               c_w.l(_printf_str.o)
    0x080002bc   0x080002bc   0x0000010e   Code   RO         1998    .text               c_w.l(__printf_wp.o)
    0x080003ca   0x080003ca   0x00000048   Code   RO         2013    .text               c_w.l(strcpy.o)
    0x08000412   0x08000412   0x00000056   Code   RO         2015    .text               c_w.l(strncpy.o)
    0x08000468   0x08000468   0x00000006   Code   RO         2017    .text               c_w.l(heapauxi.o)
    0x0800046e   0x0800046e   0x00000016   Code   RO         2048    .text               c_w.l(_rserrno.o)
    0x08000484   0x08000484   0x0000041e   Code   RO         2050    .text               c_w.l(_printf_fp_dec.o)
    0x080008a2   0x080008a2   0x00000002   PAD
    0x080008a4   0x080008a4   0x00000030   Code   RO         2052    .text               c_w.l(_printf_char_common.o)
    0x080008d4   0x080008d4   0x0000000a   Code   RO         2054    .text               c_w.l(_sputc.o)
    0x080008de   0x080008de   0x0000002c   Code   RO         2056    .text               c_w.l(_printf_char.o)
    0x0800090a   0x0800090a   0x00000002   PAD
    0x0800090c   0x0800090c   0x000000a4   Code   RO         2059    .text               c_w.l(strtod.o)
    0x080009b0   0x080009b0   0x00000044   Code   RO         2061    .text               c_w.l(rt_memclr.o)
    0x080009f4   0x080009f4   0x00000008   Code   RO         2088    .text               c_w.l(rt_locale_intlibspace.o)
    0x080009fc   0x080009fc   0x00000008   Code   RO         2093    .text               c_w.l(rt_errno_addr_intlibspace.o)
    0x08000a04   0x08000a04   0x0000008a   Code   RO         2095    .text               c_w.l(lludiv10.o)
    0x08000a8e   0x08000a8e   0x00000012   Code   RO         2097    .text               c_w.l(isspace.o)
    0x08000aa0   0x08000aa0   0x00000080   Code   RO         2099    .text               c_w.l(_printf_fp_infnan.o)
    0x08000b20   0x08000b20   0x00000040   Code   RO         2103    .text               c_w.l(_sgetc.o)
    0x08000b60   0x08000b60   0x000000e4   Code   RO         2105    .text               c_w.l(bigflt0.o)
    0x08000c44   0x08000c44   0x0000004e   Code   RO         2133    .text               c_w.l(rt_memclr_w.o)
    0x08000c92   0x08000c92   0x00000002   PAD
    0x08000c94   0x08000c94   0x00000008   Code   RO         2141    .text               c_w.l(libspace.o)
    0x08000c9c   0x08000c9c   0x0000004a   Code   RO         2144    .text               c_w.l(sys_stackheap_outer.o)
    0x08000ce6   0x08000ce6   0x00000002   PAD
    0x08000ce8   0x08000ce8   0x00000010   Code   RO         2146    .text               c_w.l(rt_ctype_table.o)
    0x08000cf8   0x08000cf8   0x000004f8   Code   RO         2148    .text               c_w.l(scanf_fp.o)
    0x080011f0   0x080011f0   0x00000012   Code   RO         2150    .text               c_w.l(exit.o)
    0x08001202   0x08001202   0x00000002   PAD
    0x08001204   0x08001204   0x00000080   Code   RO         2152    .text               c_w.l(strcmpv7m.o)
    0x08001284   0x08001284   0x00000320   Code   RO         2237    .text               c_w.l(scanf_hexfp.o)
    0x080015a4   0x080015a4   0x00000134   Code   RO         2239    .text               c_w.l(scanf_infnan.o)
    0x080016d8   0x080016d8   0x0000000c   Code   RO         2255    .text               c_w.l(sys_exit.o)
    0x080016e4   0x080016e4   0x00000026   Code   RO         2259    .text               c_w.l(llshl.o)
    0x0800170a   0x0800170a   0x0000001c   Code   RO         2261    .text               c_w.l(_chval.o)
    0x08001726   0x08001726   0x00000002   Code   RO         2286    .text               c_w.l(use_no_semi.o)
    0x08001728   0x08001728   0x00000000   Code   RO         2288    .text               c_w.l(indicate_semi.o)
    0x08001728   0x08001728   0x0000003e   Code   RO         2108    CL$$btod_d2e        c_w.l(btod.o)
    0x08001766   0x08001766   0x00000046   Code   RO         2110    CL$$btod_d2e_denorm_low  c_w.l(btod.o)
    0x080017ac   0x080017ac   0x00000060   Code   RO         2109    CL$$btod_d2e_norm_op1  c_w.l(btod.o)
    0x0800180c   0x0800180c   0x00000338   Code   RO         2118    CL$$btod_div_common  c_w.l(btod.o)
    0x08001b44   0x08001b44   0x00000084   Code   RO         2116    CL$$btod_e2d        c_w.l(btod.o)
    0x08001bc8   0x08001bc8   0x000000dc   Code   RO         2115    CL$$btod_e2e        c_w.l(btod.o)
    0x08001ca4   0x08001ca4   0x0000002a   Code   RO         2112    CL$$btod_ediv       c_w.l(btod.o)
    0x08001cce   0x08001cce   0x0000002a   Code   RO         2114    CL$$btod_edivd      c_w.l(btod.o)
    0x08001cf8   0x08001cf8   0x0000002a   Code   RO         2111    CL$$btod_emul       c_w.l(btod.o)
    0x08001d22   0x08001d22   0x0000002a   Code   RO         2113    CL$$btod_emuld      c_w.l(btod.o)
    0x08001d4c   0x08001d4c   0x00000244   Code   RO         2117    CL$$btod_mult_common  c_w.l(btod.o)
    0x08001f90   0x08001f90   0x00000020   Code   RO         1627    i.Delay1Ms          delay.o
    0x08001fb0   0x08001fb0   0x00000034   Code   RO         1628    i.DelayInit         delay.o
    0x08001fe4   0x08001fe4   0x0000007c   Code   RO         1663    i.DisplayControl    display.o
    0x08002060   0x08002060   0x0000004c   Code   RO         1664    i.DisplayInit       display.o
    0x080020ac   0x080020ac   0x00000074   Code   RO         1863    i.EXTI13_YS201      ys201.o
    0x08002120   0x08002120   0x000000c8   Code   RO          151    i.EXTI15_10_IRQHandler  stm32f10x_it.o
    0x080021e8   0x080021e8   0x00000074   Code   RO         1907    i.EXTI15_Mix        switchcontrol.o
    0x0800225c   0x0800225c   0x000000ec   Code   RO          152    i.EXTI3_IRQHandler  stm32f10x_it.o
    0x08002348   0x08002348   0x0000007c   Code   RO         1908    i.EXTI3_Water       switchcontrol.o
    0x080023c4   0x080023c4   0x000000b4   Code   RO          153    i.EXTI4_IRQHandler  stm32f10x_it.o
    0x08002478   0x08002478   0x0000006c   Code   RO         1909    i.EXTI4_NuB         switchcontrol.o
    0x080024e4   0x080024e4   0x0000006c   Code   RO         1910    i.EXTI5_NuA         switchcontrol.o
    0x08002550   0x08002550   0x000000b0   Code   RO          154    i.EXTI9_5_IRQHandler  stm32f10x_it.o
    0x08002600   0x08002600   0x0000000c   Code   RO         1115    i.EXTI_ClearFlag    stm32f10x_exti.o
    0x0800260c   0x0800260c   0x0000000c   Code   RO         1116    i.EXTI_ClearITPendingBit  stm32f10x_exti.o
    0x08002618   0x08002618   0x0000005c   Code   RO         1796    i.EXTI_Config_TIM2  timersetup.o
    0x08002674   0x08002674   0x00000060   Code   RO         1797    i.EXTI_Config_TIM3  timersetup.o
    0x080026d4   0x080026d4   0x00000060   Code   RO         1798    i.EXTI_Config_TIM4  timersetup.o
    0x08002734   0x08002734   0x00000018   Code   RO         1119    i.EXTI_GetFlagStatus  stm32f10x_exti.o
    0x0800274c   0x0800274c   0x00000094   Code   RO         1121    i.EXTI_Init         stm32f10x_exti.o
    0x080027e0   0x080027e0   0x00000040   Code   RO          276    i.GPIO_EXTILineConfig  stm32f10x_gpio.o
    0x08002820   0x08002820   0x00000116   Code   RO          279    i.GPIO_Init         stm32f10x_gpio.o
    0x08002936   0x08002936   0x00000002   PAD
    0x08002938   0x08002938   0x00000090   Code   RO          281    i.GPIO_PinRemapConfig  stm32f10x_gpio.o
    0x080029c8   0x080029c8   0x00000012   Code   RO          283    i.GPIO_ReadInputDataBit  stm32f10x_gpio.o
    0x080029da   0x080029da   0x00000004   Code   RO          286    i.GPIO_ResetBits    stm32f10x_gpio.o
    0x080029de   0x080029de   0x00000004   Code   RO          287    i.GPIO_SetBits      stm32f10x_gpio.o
    0x080029e2   0x080029e2   0x00000002   PAD
    0x080029e4   0x080029e4   0x00000048   Code   RO         1754    i.Listen_Enable     max485.o
    0x08002a2c   0x08002a2c   0x00000016   Code   RO            1    i.NVIC_EnableIRQ    main.o
    0x08002a42   0x08002a42   0x00000016   Code   RO         1708    i.NVIC_EnableIRQ    uart.o
    0x08002a58   0x08002a58   0x00000016   Code   RO         1799    i.NVIC_EnableIRQ    timersetup.o
    0x08002a6e   0x08002a6e   0x00000016   Code   RO         1864    i.NVIC_EnableIRQ    ys201.o
    0x08002a84   0x08002a84   0x00000070   Code   RO         1169    i.NVIC_Init         misc.o
    0x08002af4   0x08002af4   0x0000007c   Code   RO         1684    i.PumpControl       pump.o
    0x08002b70   0x08002b70   0x0000004c   Code   RO         1685    i.PumpInit          pump.o
    0x08002bbc   0x08002bbc   0x00000020   Code   RO         1429    i.RCC_APB1PeriphClockCmd  stm32f10x_rcc.o
    0x08002bdc   0x08002bdc   0x00000020   Code   RO         1431    i.RCC_APB2PeriphClockCmd  stm32f10x_rcc.o
    0x08002bfc   0x08002bfc   0x000000d4   Code   RO         1439    i.RCC_GetClocksFreq  stm32f10x_rcc.o
    0x08002cd0   0x08002cd0   0x00000084   Code   RO         1755    i.RS485_Init        max485.o
    0x08002d54   0x08002d54   0x0000001e   Code   RO         1756    i.RS485_PutChar     max485.o
    0x08002d72   0x08002d72   0x0000002e   Code   RO         1757    i.RS485_PutString   max485.o
    0x08002da0   0x08002da0   0x00000054   Code   RO         1709    i.RX_Config         uart.o
    0x08002df4   0x08002df4   0x00000048   Code   RO         1758    i.Send_Enable       max485.o
    0x08002e3c   0x08002e3c   0x00000008   Code   RO          227    i.SetSysClock       system_stm32f10x.o
    0x08002e44   0x08002e44   0x000000e0   Code   RO          228    i.SetSysClockTo72   system_stm32f10x.o
    0x08002f24   0x08002f24   0x00000014   Code   RO         1913    i.SwitchInit        switchcontrol.o
    0x08002f38   0x08002f38   0x00000060   Code   RO          230    i.SystemInit        system_stm32f10x.o
    0x08002f98   0x08002f98   0x00000028   Code   RO         1838    i.System_Init       utility.o
    0x08002fc0   0x08002fc0   0x000000fc   Code   RO          155    i.TIM2_IRQHandler   stm32f10x_it.o
    0x080030bc   0x080030bc   0x000000ac   Code   RO          156    i.TIM3_IRQHandler   stm32f10x_it.o
    0x08003168   0x08003168   0x00000120   Code   RO          157    i.TIM4_IRQHandler   stm32f10x_it.o
    0x08003288   0x08003288   0x00000006   Code   RO          397    i.TIM_ClearFlag     stm32f10x_tim.o
    0x0800328e   0x0800328e   0x00000018   Code   RO          403    i.TIM_Cmd           stm32f10x_tim.o
    0x080032a6   0x080032a6   0x00000006   Code   RO          422    i.TIM_GetCounter    stm32f10x_tim.o
    0x080032ac   0x080032ac   0x00000022   Code   RO          424    i.TIM_GetITStatus   stm32f10x_tim.o
    0x080032ce   0x080032ce   0x00000012   Code   RO          428    i.TIM_ITConfig      stm32f10x_tim.o
    0x080032e0   0x080032e0   0x00000004   Code   RO          468    i.TIM_SetCounter    stm32f10x_tim.o
    0x080032e4   0x080032e4   0x000000a4   Code   RO          474    i.TIM_TimeBaseInit  stm32f10x_tim.o
    0x08003388   0x08003388   0x00000054   Code   RO         1710    i.TX_Config         uart.o
    0x080033dc   0x080033dc   0x00000028   Code   RO         1865    i.TestYs201         ys201.o
    0x08003404   0x08003404   0x00000028   Code   RO         1866    i.TestYs201Init     ys201.o
    0x0800342c   0x0800342c   0x00000022   Code   RO         1800    i.Timer_Init        timersetup.o
    0x0800344e   0x0800344e   0x00000002   PAD
    0x08003450   0x08003450   0x00000074   Code   RO          158    i.USART1_IRQHandler  stm32f10x_it.o
    0x080034c4   0x080034c4   0x00000074   Code   RO          159    i.USART2_IRQHandler  stm32f10x_it.o
    0x08003538   0x08003538   0x000000b8   Code   RO          160    i.USART3_IRQHandler  stm32f10x_it.o
    0x080035f0   0x080035f0   0x0000001e   Code   RO          936    i.USART_ClearITPendingBit  stm32f10x_usart.o
    0x0800360e   0x0800360e   0x00000018   Code   RO          939    i.USART_Cmd         stm32f10x_usart.o
    0x08003626   0x08003626   0x00000002   PAD
    0x08003628   0x08003628   0x00000090   Code   RO         1711    i.USART_Config      uart.o
    0x080036b8   0x080036b8   0x0000001a   Code   RO          942    i.USART_GetFlagStatus  stm32f10x_usart.o
    0x080036d2   0x080036d2   0x00000054   Code   RO          943    i.USART_GetITStatus  stm32f10x_usart.o
    0x08003726   0x08003726   0x0000004a   Code   RO          945    i.USART_ITConfig    stm32f10x_usart.o
    0x08003770   0x08003770   0x000000d8   Code   RO          946    i.USART_Init        stm32f10x_usart.o
    0x08003848   0x08003848   0x0000000a   Code   RO          953    i.USART_ReceiveData  stm32f10x_usart.o
    0x08003852   0x08003852   0x00000008   Code   RO          956    i.USART_SendData    stm32f10x_usart.o
    0x0800385a   0x0800385a   0x00000022   Code   RO         1712    i.Uart_Init         uart.o
    0x0800387c   0x0800387c   0x00000014   Code   RO         1867    i.Ys201Init         ys201.o
    0x08003890   0x08003890   0x00000028   Code   RO         2139    i.__ARM_fpclassify  m_ws.l(fpclassify.o)
    0x080038b8   0x080038b8   0x0000000e   Code   RO         2317    i.__mathlib_dbl_overflow  m_ws.l(dunder.o)
    0x080038c6   0x080038c6   0x00000002   PAD
    0x080038c8   0x080038c8   0x00000010   Code   RO         2319    i.__mathlib_dbl_underflow  m_ws.l(dunder.o)
    0x080038d8   0x080038d8   0x00000010   Code   RO         2224    i.__mathlib_narrow  m_ws.l(narrow.o)
    0x080038e8   0x080038e8   0x000000bc   Code   RO         2225    i.__mathlib_tofloat  m_ws.l(narrow.o)
    0x080039a4   0x080039a4   0x00000016   Code   RO         2275    i.__support_ldexp   m_ws.l(ldexp.o)
    0x080039ba   0x080039ba   0x0000000e   Code   RO         2000    i._is_digit         c_w.l(__printf_wp.o)
    0x080039c8   0x080039c8   0x0000002a   Code   RO         2044    i.atof              m_ws.l(atof.o)
    0x080039f2   0x080039f2   0x00000012   Code   RO         1629    i.delay             delay.o
    0x08003a04   0x08003a04   0x00000058   Code   RO         2250    i.frexp             m_ws.l(frexp.o)
    0x08003a5c   0x08003a5c   0x00000074   Code   RO         2276    i.ldexp             m_ws.l(ldexp.o)
    0x08003ad0   0x08003ad0   0x00000380   Code   RO            2    i.main              main.o
    0x08003e50   0x08003e50   0x00000012   Code   RO         1839    i.resetData         utility.o
    0x08003e62   0x08003e62   0x00000002   PAD
    0x08003e64   0x08003e64   0x0000002c   Code   RO         2131    locale$$code        c_w.l(lc_numeric_c.o)
    0x08003e90   0x08003e90   0x0000002c   Code   RO         2208    locale$$code        c_w.l(lc_ctype_c.o)
    0x08003ebc   0x08003ebc   0x00000062   Code   RO         2245    x$fpl$d2f           fz_ws.l(d2f.o)
    0x08003f1e   0x08003f1e   0x00000002   PAD
    0x08003f20   0x08003f20   0x00000150   Code   RO         2021    x$fpl$dadd          fz_ws.l(daddsub_clz.o)
    0x08004070   0x08004070   0x00000010   Code   RO         2311    x$fpl$dcheck1       fz_ws.l(dcheck1.o)
    0x08004080   0x08004080   0x00000018   Code   RO         2063    x$fpl$dcmpinf       fz_ws.l(dcmpi.o)
    0x08004098   0x08004098   0x000002b0   Code   RO         2028    x$fpl$ddiv          fz_ws.l(ddiv.o)
    0x08004348   0x08004348   0x00000078   Code   RO         2247    x$fpl$deqf          fz_ws.l(deqf.o)
    0x080043c0   0x080043c0   0x00000026   Code   RO         2031    x$fpl$dfltu         fz_ws.l(dflt_clz.o)
    0x080043e6   0x080043e6   0x00000002   PAD
    0x080043e8   0x080043e8   0x00000078   Code   RO         2037    x$fpl$dleqf         fz_ws.l(dleqf.o)
    0x08004460   0x08004460   0x0000009c   Code   RO         2065    x$fpl$dnaninf       fz_ws.l(dnaninf.o)
    0x080044fc   0x080044fc   0x0000000c   Code   RO         2067    x$fpl$dretinf       fz_ws.l(dretinf.o)
    0x08004508   0x08004508   0x0000006c   Code   RO         2039    x$fpl$drleqf        fz_ws.l(drleqf.o)
    0x08004574   0x08004574   0x000001d4   Code   RO         2023    x$fpl$dsub          fz_ws.l(daddsub_clz.o)
    0x08004748   0x08004748   0x0000000a   Code   RO         2270    x$fpl$fretinf       fz_ws.l(fretinf.o)
    0x08004752   0x08004752   0x00000006   Code   RO         2135    x$fpl$ieeestatus    fz_ws.l(istatus.o)
    0x08004758   0x08004758   0x00000004   Code   RO         2041    x$fpl$printf1       fz_ws.l(printf1.o)
    0x0800475c   0x0800475c   0x00000064   Code   RO         2334    x$fpl$retnan        fz_ws.l(retnan.o)
    0x080047c0   0x080047c0   0x0000005c   Code   RO         2272    x$fpl$scalbn        fz_ws.l(scalbn.o)
    0x0800481c   0x0800481c   0x00000004   Code   RO         2137    x$fpl$scanf1        fz_ws.l(scanf1.o)
    0x08004820   0x08004820   0x00000008   Code   RO         2218    x$fpl$scanf2        fz_ws.l(scanf2.o)
    0x08004828   0x08004828   0x00000030   Code   RO         2340    x$fpl$trapveneer    fz_ws.l(trapv.o)
    0x08004858   0x08004858   0x00000000   Code   RO         2069    x$fpl$usenofp       fz_ws.l(usenofp.o)
    0x08004858   0x08004858   0x00000094   Data   RO         2106    .constdata          c_w.l(bigflt0.o)
    0x080048ec   0x080048ec   0x00000020   Data   RO         2358    Region$$Table       anon$$obj.o
    0x0800490c   0x0800490c   0x00000008   Data   RO         2212    c$$dinf             fz_ws.l(fpconst.o)
    0x08004914   0x08004914   0x00000008   Data   RO         2215    c$$dmax             fz_ws.l(fpconst.o)
    0x0800491c   0x0800491c   0x0000001c   Data   RO         2130    locale$$data        c_w.l(lc_numeric_c.o)
    0x08004938   0x08004938   0x00000110   Data   RO         2207    locale$$data        c_w.l(lc_ctype_c.o)


    Execution Region RW_IRAM1 (Exec base: 0x20000000, Load base: 0x08004a48, Size: 0x000009b0, Max: 0x00005000, ABSOLUTE)

    Exec Addr    Load Addr    Size         Type   Attr      Idx    E Section Name        Object

    0x20000000   0x08004a48   0x0000002c   Data   RW            4    .data               main.o
    0x2000002c   0x08004a74   0x00000004   PAD
    0x20000030   0x08004a78   0x00000070   Data   RW          163    .data               stm32f10x_it.o
    0x200000a0   0x08004ae8   0x00000014   Data   RW         1459    .data               stm32f10x_rcc.o
    0x200000b4   0x08004afc   0x00000004   Data   RW         1665    .data               display.o
    0x200000b8   0x08004b00   0x00000004   Data   RW         1686    .data               pump.o
    0x200000bc   0x08004b04   0x00000004   Data   RW         1714    .data               uart.o
    0x200000c0   0x08004b08   0x00000004   Data   RW         1759    .data               max485.o
    0x200000c4   0x08004b0c   0x00000004   Data   RW         1802    .data               timersetup.o
    0x200000c8   0x08004b10   0x00000010   Data   RW         1868    .data               ys201.o
    0x200000d8   0x08004b20   0x00000010   Data   RW         1916    .data               switchcontrol.o
    0x200000e8        -       0x00000030   Zero   RW            3    .bss                main.o
    0x20000118        -       0x0000020b   Zero   RW          161    .bss                stm32f10x_it.o
    0x20000323   0x08004b30   0x00000001   PAD
    0x20000324        -       0x0000000a   Zero   RW         1631    .bss                delay.o
    0x2000032e   0x08004b30   0x00000002   PAD
    0x20000330        -       0x00000010   Zero   RW         1713    .bss                uart.o
    0x20000340        -       0x0000000a   Zero   RW         1801    .bss                timersetup.o
    0x2000034a   0x08004b30   0x00000002   PAD
    0x2000034c        -       0x00000060   Zero   RW         2142    .bss                c_w.l(libspace.o)
    0x200003ac   0x08004b30   0x00000004   PAD
    0x200003b0        -       0x00000200   Zero   RW          266    HEAP                startup_stm32f10x_md.o
    0x200005b0        -       0x00000400   Zero   RW          265    STACK               startup_stm32f10x_md.o


==============================================================================

Image component sizes


      Code (inc. data)   RO Data    RW Data    ZI Data      Debug   Object Name

       102         16          0          0         10       1495   delay.o
       200         14          0          4          0       1216   display.o
       918        150          0         44         48     273540   main.o
       352         66          0          4          0       3189   max485.o
       112         12          0          0          0       1072   misc.o
       200         14          0          4          0       1730   pump.o
        64         26        236          0       1536        984   startup_stm32f10x_md.o
       196         22          0          0          0       2467   stm32f10x_exti.o
       512         10          0          0          0       4872   stm32f10x_gpio.o
      1920        328          0        112        523       7587   stm32f10x_it.o
       276         32          0         20          0       5222   stm32f10x_rcc.o
       256         42          0          0          0       4316   stm32f10x_tim.o
       472          6          0          0          0       6459   stm32f10x_usart.o
       476         72          0         16          0       2629   switchcontrol.o
       328         28          0          0          0       1949   system_stm32f10x.o
       340         36          0          4         10       2547   timersetup.o
       368         44          0          4         16      17604   uart.o
        58          0          0          0          0        914   utility.o
       238         32          0         16          0       2456   ys201.o

    ----------------------------------------------------------------------
      7398        950        268        232       2148     342248   Object Totals
         0          0         32          0          0          0   (incl. Generated)
        10          0          0          4          5          0   (incl. Padding)

    ----------------------------------------------------------------------

      Code (inc. data)   RO Data    RW Data    ZI Data      Debug   Library Member Name

         8          0          0          0          0         68   __main.o
       284          0          0          0          0        156   __printf_wp.o
         0          0          0          0          0          0   __rtentry.o
        12          0          0          0          0          0   __rtentry2.o
         6          0          0          0          0          0   __rtentry4.o
        52          8          0          0          0          0   __scatter.o
        26          0          0          0          0          0   __scatter_copy.o
        28          0          0          0          0          0   __scatter_zi.o
        28          0          0          0          0         68   _chval.o
        44          0          0          0          0        108   _printf_char.o
        48          6          0          0          0         96   _printf_char_common.o
         6          0          0          0          0          0   _printf_f.o
      1054          0          0          0          0        216   _printf_fp_dec.o
       128         16          0          0          0         84   _printf_fp_infnan.o
        78          0          0          0          0        108   _printf_pad.o
         0          0          0          0          0          0   _printf_percent.o
         4          0          0          0          0          0   _printf_percent_end.o
         6          0          0          0          0          0   _printf_s.o
        82          0          0          0          0         80   _printf_str.o
        22          0          0          0          0        100   _rserrno.o
        64          0          0          0          0         84   _sgetc.o
        10          0          0          0          0         68   _sputc.o
       228          4        148          0          0         96   bigflt0.o
      2152        136          0          0          0        960   btod.o
        18          0          0          0          0         80   exit.o
         6          0          0          0          0        152   heapauxi.o
         0          0          0          0          0          0   indicate_semi.o
        18          0          0          0          0         76   isspace.o
        44         10        272          0          0         76   lc_ctype_c.o
        44         10         28          0          0         76   lc_numeric_c.o
         2          0          0          0          0          0   libinit.o
        30          0          0          0          0          0   libinit2.o
         2          0          0          0          0          0   libshutdown.o
         2          0          0          0          0          0   libshutdown2.o
         8          4          0          0         96         68   libspace.o
        38          0          0          0          0         68   llshl.o
       138          0          0          0          0         80   lludiv10.o
        40          6          0          0          0         84   noretval__2sprintf.o
        16          4          0          0          0         76   rt_ctype_table.o
         8          4          0          0          0         68   rt_errno_addr_intlibspace.o
         8          4          0          0          0         68   rt_locale_intlibspace.o
        68          0          0          0          0         68   rt_memclr.o
        78          0          0          0          0         80   rt_memclr_w.o
         2          0          0          0          0          0   rtexit.o
        10          0          0          0          0          0   rtexit2.o
      1272         16          0          0          0        168   scanf_fp.o
       800         14          0          0          0        100   scanf_hexfp.o
       308         16          0          0          0        100   scanf_infnan.o
       128          0          0          0          0         68   strcmpv7m.o
        72          0          0          0          0         80   strcpy.o
        86          0          0          0          0         76   strncpy.o
       164         14          0          0          0        120   strtod.o
        12          4          0          0          0         68   sys_exit.o
        74          0          0          0          0         80   sys_stackheap_outer.o
         2          0          0          0          0         68   use_no_semi.o
        98          4          0          0          0         92   d2f.o
       804         16          0          0          0        272   daddsub_clz.o
        16          4          0          0          0         68   dcheck1.o
        24          0          0          0          0         68   dcmpi.o
       688        140          0          0          0        208   ddiv.o
       120          4          0          0          0         92   deqf.o
        38          0          0          0          0         68   dflt_clz.o
       120          4          0          0          0         92   dleqf.o
       156          4          0          0          0         92   dnaninf.o
        12          0          0          0          0         68   dretinf.o
       108          0          0          0          0         80   drleqf.o
         0          0         16          0          0          0   fpconst.o
        10          0          0          0          0         68   fretinf.o
         6          0          0          0          0         68   istatus.o
         4          0          0          0          0         68   printf1.o
       100          0          0          0          0         68   retnan.o
        92          0          0          0          0         68   scalbn.o
         4          0          0          0          0         68   scanf1.o
         8          0          0          0          0         84   scanf2.o
        48          0          0          0          0         68   trapv.o
         0          0          0          0          0          0   usenofp.o
        42          0          0          0          0         84   atof.o
        30          6          0          0          0        136   dunder.o
        40          0          0          0          0         68   fpclassify.o
        88          8          0          0          0         76   frexp.o
       138          0          0          0          0        160   ldexp.o
       204          4          0          0          0        168   narrow.o

    ----------------------------------------------------------------------
     10886        470        464          0        100       6792   Library Totals
        20          0          0          0          4          0   (incl. Padding)

    ----------------------------------------------------------------------

      Code (inc. data)   RO Data    RW Data    ZI Data      Debug   Library Name

      7868        276        448          0         96       4340   c_w.l
      2456        176         16          0          0       1760   fz_ws.l
       542         18          0          0          0        692   m_ws.l

    ----------------------------------------------------------------------
     10886        470        464          0        100       6792   Library Totals

    ----------------------------------------------------------------------

==============================================================================


      Code (inc. data)   RO Data    RW Data    ZI Data      Debug   

     18284       1420        732        232       2248     341236   Grand Totals
     18284       1420        732        232       2248     341236   ELF Image Totals
     18284       1420        732        232          0          0   ROM Totals

==============================================================================

    Total RO  Size (Code + RO Data)                19016 (  18.57kB)
    Total RW  Size (RW Data + ZI Data)              2480 (   2.42kB)
    Total ROM Size (Code + RO Data + RW Data)      19248 (  18.80kB)

==============================================================================

